Archive member included to satisfy reference by file (symbol)

f:/atmel/studio/7.0/toolchain/arm/arm-gnu-toolchain/bin/../lib/gcc/arm-none-eabi/6.3.1/../../../../arm-none-eabi/lib/thumb/v7e-m\libc.a(lib_a-atoi.o)
                              src/wifi.o (atoi)
f:/atmel/studio/7.0/toolchain/arm/arm-gnu-toolchain/bin/../lib/gcc/arm-none-eabi/6.3.1/../../../../arm-none-eabi/lib/thumb/v7e-m\libc.a(lib_a-exit.o)
                              f:/atmel/studio/7.0/toolchain/arm/arm-gnu-toolchain/bin/../lib/gcc/arm-none-eabi/6.3.1/../../../../arm-none-eabi/lib/thumb/v7e-m/crt0.o (exit)
f:/atmel/studio/7.0/toolchain/arm/arm-gnu-toolchain/bin/../lib/gcc/arm-none-eabi/6.3.1/../../../../arm-none-eabi/lib/thumb/v7e-m\libc.a(lib_a-impure.o)
                              f:/atmel/studio/7.0/toolchain/arm/arm-gnu-toolchain/bin/../lib/gcc/arm-none-eabi/6.3.1/../../../../arm-none-eabi/lib/thumb/v7e-m\libc.a(lib_a-exit.o) (_global_impure_ptr)
f:/atmel/studio/7.0/toolchain/arm/arm-gnu-toolchain/bin/../lib/gcc/arm-none-eabi/6.3.1/../../../../arm-none-eabi/lib/thumb/v7e-m\libc.a(lib_a-init.o)
                              f:/atmel/studio/7.0/toolchain/arm/arm-gnu-toolchain/bin/../lib/gcc/arm-none-eabi/6.3.1/../../../../arm-none-eabi/lib/thumb/v7e-m/crt0.o (__libc_init_array)
f:/atmel/studio/7.0/toolchain/arm/arm-gnu-toolchain/bin/../lib/gcc/arm-none-eabi/6.3.1/../../../../arm-none-eabi/lib/thumb/v7e-m\libc.a(lib_a-memcpy.o)
                              src/ASF/sam/utils/cmsis/sam4s/source/templates/gcc/startup_sam4s.o (memcpy)
f:/atmel/studio/7.0/toolchain/arm/arm-gnu-toolchain/bin/../lib/gcc/arm-none-eabi/6.3.1/../../../../arm-none-eabi/lib/thumb/v7e-m\libc.a(lib_a-memset.o)
                              f:/atmel/studio/7.0/toolchain/arm/arm-gnu-toolchain/bin/../lib/gcc/arm-none-eabi/6.3.1/../../../../arm-none-eabi/lib/thumb/v7e-m/crt0.o (memset)
f:/atmel/studio/7.0/toolchain/arm/arm-gnu-toolchain/bin/../lib/gcc/arm-none-eabi/6.3.1/../../../../arm-none-eabi/lib/thumb/v7e-m\libc.a(lib_a-sprintf.o)
                              src/wifi.o (sprintf)
f:/atmel/studio/7.0/toolchain/arm/arm-gnu-toolchain/bin/../lib/gcc/arm-none-eabi/6.3.1/../../../../arm-none-eabi/lib/thumb/v7e-m\libc.a(lib_a-strchr.o)
                              src/wifi.o (strchr)
f:/atmel/studio/7.0/toolchain/arm/arm-gnu-toolchain/bin/../lib/gcc/arm-none-eabi/6.3.1/../../../../arm-none-eabi/lib/thumb/v7e-m\libc.a(lib_a-strstr.o)
                              src/wifi.o (strstr)
f:/atmel/studio/7.0/toolchain/arm/arm-gnu-toolchain/bin/../lib/gcc/arm-none-eabi/6.3.1/../../../../arm-none-eabi/lib/thumb/v7e-m\libc.a(lib_a-strtol.o)
                              f:/atmel/studio/7.0/toolchain/arm/arm-gnu-toolchain/bin/../lib/gcc/arm-none-eabi/6.3.1/../../../../arm-none-eabi/lib/thumb/v7e-m\libc.a(lib_a-atoi.o) (_strtol_r)
f:/atmel/studio/7.0/toolchain/arm/arm-gnu-toolchain/bin/../lib/gcc/arm-none-eabi/6.3.1/../../../../arm-none-eabi/lib/thumb/v7e-m\libc.a(lib_a-svfprintf.o)
                              f:/atmel/studio/7.0/toolchain/arm/arm-gnu-toolchain/bin/../lib/gcc/arm-none-eabi/6.3.1/../../../../arm-none-eabi/lib/thumb/v7e-m\libc.a(lib_a-sprintf.o) (_svfprintf_r)
f:/atmel/studio/7.0/toolchain/arm/arm-gnu-toolchain/bin/../lib/gcc/arm-none-eabi/6.3.1/../../../../arm-none-eabi/lib/thumb/v7e-m\libc.a(lib_a-__call_atexit.o)
                              f:/atmel/studio/7.0/toolchain/arm/arm-gnu-toolchain/bin/../lib/gcc/arm-none-eabi/6.3.1/../../../../arm-none-eabi/lib/thumb/v7e-m\libc.a(lib_a-exit.o) (__call_exitprocs)
f:/atmel/studio/7.0/toolchain/arm/arm-gnu-toolchain/bin/../lib/gcc/arm-none-eabi/6.3.1/../../../../arm-none-eabi/lib/thumb/v7e-m\libc.a(lib_a-atexit.o)
                              f:/atmel/studio/7.0/toolchain/arm/arm-gnu-toolchain/bin/../lib/gcc/arm-none-eabi/6.3.1/../../../../arm-none-eabi/lib/thumb/v7e-m\libc.a(lib_a-__call_atexit.o) (atexit)
f:/atmel/studio/7.0/toolchain/arm/arm-gnu-toolchain/bin/../lib/gcc/arm-none-eabi/6.3.1/../../../../arm-none-eabi/lib/thumb/v7e-m\libc.a(lib_a-dtoa.o)
                              f:/atmel/studio/7.0/toolchain/arm/arm-gnu-toolchain/bin/../lib/gcc/arm-none-eabi/6.3.1/../../../../arm-none-eabi/lib/thumb/v7e-m\libc.a(lib_a-svfprintf.o) (_dtoa_r)
f:/atmel/studio/7.0/toolchain/arm/arm-gnu-toolchain/bin/../lib/gcc/arm-none-eabi/6.3.1/../../../../arm-none-eabi/lib/thumb/v7e-m\libc.a(lib_a-fini.o)
                              f:/atmel/studio/7.0/toolchain/arm/arm-gnu-toolchain/bin/../lib/gcc/arm-none-eabi/6.3.1/../../../../arm-none-eabi/lib/thumb/v7e-m\libc.a(lib_a-__call_atexit.o) (__libc_fini_array)
f:/atmel/studio/7.0/toolchain/arm/arm-gnu-toolchain/bin/../lib/gcc/arm-none-eabi/6.3.1/../../../../arm-none-eabi/lib/thumb/v7e-m\libc.a(lib_a-locale.o)
                              f:/atmel/studio/7.0/toolchain/arm/arm-gnu-toolchain/bin/../lib/gcc/arm-none-eabi/6.3.1/../../../../arm-none-eabi/lib/thumb/v7e-m\libc.a(lib_a-strtol.o) (__locale_ctype_ptr_l)
[...]
Memory Configuration

Name             Origin             Length             Attributes
rom              0x00400000         0x00080000         xr
ram              0x20000000         0x00020000         xrw
*default*        0x00000000         0xffffffff

Linker script and memory map

LOAD f:/atmel/studio/7.0/toolchain/arm/arm-gnu-toolchain/bin/../lib/gcc/arm-none-eabi/6.3.1/thumb/v7e-m/crti.o
LOAD f:/atmel/studio/7.0/toolchain/arm/arm-gnu-toolchain/bin/../lib/gcc/arm-none-eabi/6.3.1/thumb/v7e-m/crtbegin.o
LOAD f:/atmel/studio/7.0/toolchain/arm/arm-gnu-toolchain/bin/../lib/gcc/arm-none-eabi/6.3.1/../../../../arm-none-eabi/lib/thumb/v7e-m/crt0.o
LOAD src/ASF/common/utils/stdio/read.o
LOAD src/ASF/common/utils/stdio/write.o
LOAD src/ASF/sam/drivers/pdc/pdc.o
LOAD src/ASF/sam/drivers/pio/pio_handler.o
LOAD src/ASF/sam/drivers/pwm/pwm.o
LOAD src/ASF/sam/drivers/tc/tc.o
LOAD src/ASF/sam/drivers/twi/twi.o
LOAD src/ASF/sam/drivers/usart/usart.o
LOAD src/ASF/sam/drivers/wdt/wdt.o
LOAD src/camera.o
LOAD src/servo.o
LOAD src/ov2640.o
LOAD src/ov2640_table_registers.o
LOAD src/timer_interface.o
LOAD src/wifi.o
LOAD src/ASF/common/services/serial/usart_serial.o
LOAD src/ASF/common/services/delay/sam/cycle_counter.o
LOAD src/ASF/common/services/clock/sam4s/sysclk.o
LOAD src/ASF/sam/drivers/pio/pio.o
LOAD src/ASF/sam/drivers/pmc/pmc.o
LOAD src/ASF/sam/drivers/uart/uart.o
LOAD src/ASF/sam/drivers/pmc/sleep.o
LOAD src/ASF/common/boards/user_board/init.o
LOAD src/ASF/common/utils/interrupt/interrupt_sam_nvic.o
LOAD src/ASF/sam/utils/cmsis/sam4s/source/templates/gcc/startup_sam4s.o
LOAD src/ASF/sam/utils/cmsis/sam4s/source/templates/system_sam4s.o
LOAD src/ASF/sam/utils/syscalls/gcc/syscalls.o
LOAD src/main.o
START GROUP
LOAD ../src/ASF/thirdparty/CMSIS/Lib/GCC\libarm_cortexM4l_math.a
LOAD f:/atmel/studio/7.0/toolchain/arm/arm-gnu-toolchain/bin/../lib/gcc/arm-none-eabi/6.3.1/../../../../arm-none-eabi/lib/thumb/v7e-m\libm.a
END GROUP
START GROUP
LOAD f:/atmel/studio/7.0/toolchain/arm/arm-gnu-toolchain/bin/../lib/gcc/arm-none-eabi/6.3.1/thumb/v7e-m\libgcc.a
LOAD f:/atmel/studio/7.0/toolchain/arm/arm-gnu-toolchain/bin/../lib/gcc/arm-none-eabi/6.3.1/../../../../arm-none-eabi/lib/thumb/v7e-m\libc.a
END GROUP
LOAD f:/atmel/studio/7.0/toolchain/arm/arm-gnu-toolchain/bin/../lib/gcc/arm-none-eabi/6.3.1/thumb/v7e-m/crtend.o
LOAD f:/atmel/studio/7.0/toolchain/arm/arm-gnu-toolchain/bin/../lib/gcc/arm-none-eabi/6.3.1/thumb/v7e-m/crtn.o
                0x00003000                __stack_size__ = DEFINED (__stack_size__)?__stack_size__:0x3000
                0x2001fffc                __ram_end__ = ((ORIGIN (ram) + LENGTH (ram)) - 0x4)

.text           0x00400000     0x7d4c
                0x00400000                . = ALIGN (0x4)
                0x00400000                _sfixed = .
 *(.vectors .vectors.*)
 .vectors       0x00400000       0xcc src/ASF/sam/utils/cmsis/sam4s/source/templates/gcc/startup_sam4s.o
                0x00400000                exception_table
 *(.text .text.* .gnu.linkonce.t.*)
 .text          0x004000cc       0x6c f:/atmel/studio/7.0/toolchain/arm/arm-gnu-toolchain/bin/../lib/gcc/arm-none-eabi/6.3.1/thumb/v7e-m/crtbegin.o
 .text.pio_handler_set
                0x00400138       0x7c src/ASF/sam/drivers/pio/pio_handler.o
                0x00400138                pio_handler_set
 .text.PIOA_Handler
                0x004001b4       0xe8 src/ASF/sam/drivers/pio/pio_handler.o
                0x004001b4                PIOA_Handler
 .text.PIOB_Handler
                0x0040029c       0xe8 src/ASF/sam/drivers/pio/pio_handler.o
                0x0040029c                PIOB_Handler
 .text.pwm_init
                0x00400384      0x240 src/ASF/sam/drivers/pwm/pwm.o
                0x00400384                pwm_init
 .text.pwm_channel_init
                0x004005c4       0xdc src/ASF/sam/drivers/pwm/pwm.o
                0x004005c4                pwm_channel_init
 .text.pwm_channel_update_duty
                0x004006a0       0x1c src/ASF/sam/drivers/pwm/pwm.o
                0x004006a0                pwm_channel_update_duty
 .text.pwm_channel_enable
                0x004006bc        0xc src/ASF/sam/drivers/pwm/pwm.o
                0x004006bc                pwm_channel_enable
 .text.pwm_channel_disable
                0x004006c8        0xc src/ASF/sam/drivers/pwm/pwm.o
                0x004006c8                pwm_channel_disable
 .text.tc_init  0x004006d4       0x18 src/ASF/sam/drivers/tc/tc.o
                0x004006d4                tc_init
 .text.tc_start
                0x004006ec        0x8 src/ASF/sam/drivers/tc/tc.o
                0x004006ec                tc_start
 .text.tc_write_rc
                0x004006f4        0x8 src/ASF/sam/drivers/tc/tc.o
                0x004006f4                tc_write_rc
 .text.tc_enable_interrupt
                0x004006fc        0x8 src/ASF/sam/drivers/tc/tc.o
                0x004006fc                tc_enable_interrupt
 .text.tc_get_status
                0x00400704        0x8 src/ASF/sam/drivers/tc/tc.o
                0x00400704                tc_get_status
 .text.tc_find_mck_divisor
                0x0040070c       0x80 src/ASF/sam/drivers/tc/tc.o
                0x0040070c                tc_find_mck_divisor
 .text.twi_master_init
                0x0040078c      0x1f4 src/ASF/sam/drivers/twi/twi.o
                0x0040078c                twi_master_init
 .text.twi_master_read
                0x00400980       0xc0 src/ASF/sam/drivers/twi/twi.o
                0x00400980                twi_master_read
 .text.twi_master_write
                0x00400a40       0x84 src/ASF/sam/drivers/twi/twi.o
                0x00400a40                twi_master_write
 .text.usart_init_hw_handshaking
                0x00400ac4       0xb0 src/ASF/sam/drivers/usart/usart.o
                0x00400ac4                usart_init_hw_handshaking
 .text.usart_enable_tx
                0x00400b74        0x8 src/ASF/sam/drivers/usart/usart.o
                0x00400b74                usart_enable_tx
 .text.usart_enable_rx
                0x00400b7c        0x8 src/ASF/sam/drivers/usart/usart.o
                0x00400b7c                usart_enable_rx
 .text.usart_enable_interrupt
                0x00400b84        0x4 src/ASF/sam/drivers/usart/usart.o
                0x00400b84                usart_enable_interrupt
 .text.usart_disable_interrupt
                0x00400b88        0x4 src/ASF/sam/drivers/usart/usart.o
                0x00400b88                usart_disable_interrupt
 .text.usart_get_status
                0x00400b8c        0x4 src/ASF/sam/drivers/usart/usart.o
                0x00400b8c                usart_get_status
 .text.usart_putchar
                0x00400b90       0x10 src/ASF/sam/drivers/usart/usart.o
                0x00400b90                usart_putchar
 .text.usart_write_line
                0x00400ba0       0x18 src/ASF/sam/drivers/usart/usart.o
                0x00400ba0                usart_write_line
 .text.usart_read
                0x00400bb8       0x18 src/ASF/sam/drivers/usart/usart.o
                0x00400bb8                usart_read
 .text.wdt_disable
                0x00400bd0        0x8 src/ASF/sam/drivers/wdt/wdt.o
                0x00400bd0                wdt_disable
 .text.vsync_handler
                0x00400bd8        0xc src/camera.o
                0x00400bd8                vsync_handler
 .text.capture_init
                0x00400be4      0x148 src/camera.o
                0x00400be4                capture_init
 .text.find_image_len
                0x00400d2c       0x5c src/camera.o
                0x00400d2c                find_image_len
 .text.start_capture
                0x00400d88       0x94 src/camera.o
                0x00400d88                start_capture
 .text.servo_init
                0x00400e1c       0xb8 src/servo.o
                0x00400e1c                servo_init
 .text.servo_set
                0x00400ed4       0x20 src/servo.o
                0x00400ed4                servo_set
 .text.ov_init  0x00400ef4      0x138 src/ov2640.o
                0x00400ef4                ov_init
 .text.ov_configure
                0x0040102c       0x78 src/ov2640.o
                0x0040102c                ov_configure
 .text.TC0_Handler
                0x004010a4       0x28 src/timer_interface.o
                0x004010a4                TC0_Handler
 .text.configure_tc
                0x004010cc       0x7c src/timer_interface.o
                0x004010cc                configure_tc
 .text.wifi_web_setup_handler
                0x00401148        0xc src/wifi.o
                0x00401148                wifi_web_setup_handler
 .text.wifi_command_response_handler
                0x00401154      0x100 src/wifi.o
                0x00401154                wifi_command_response_handler
 .text.USART0_Handler
                0x00401254       0x4c src/wifi.o
                0x00401254                USART0_Handler
 .text.configure_usart_wifi
                0x004012a0       0xa0 src/wifi.o
                0x004012a0                configure_usart_wifi
 .text.configure_wifi_comm_pin
                0x00401340       0x50 src/wifi.o
                0x00401340                configure_wifi_comm_pin
 .text.configure_wifi_web_setup_pin
                0x00401390       0x4c src/wifi.o
                0x00401390                configure_wifi_web_setup_pin
 .text.write_wifi_command
                0x004013dc       0x10 src/wifi.o
                0x004013dc                write_wifi_command
 .text.write_image_to_file
                0x004013ec       0x90 src/wifi.o
                0x004013ec                write_image_to_file
 .text.sysclk_init
                0x0040147c       0x68 src/ASF/common/services/clock/sam4s/sysclk.o
                0x0040147c                sysclk_init
 .text.pio_configure_interrupt
                0x004014e4       0x28 src/ASF/sam/drivers/pio/pio.o
                0x004014e4                pio_configure_interrupt
 .text.pio_enable_interrupt
                0x0040150c        0x4 src/ASF/sam/drivers/pio/pio.o
                0x0040150c                pio_enable_interrupt
 .text.pio_disable_interrupt
                0x00401510        0x4 src/ASF/sam/drivers/pio/pio.o
                0x00401510                pio_disable_interrupt
 .text.pio_get_interrupt_status
                0x00401514        0x4 src/ASF/sam/drivers/pio/pio.o
                0x00401514                pio_get_interrupt_status
 .text.pio_get_interrupt_mask
                0x00401518        0x4 src/ASF/sam/drivers/pio/pio.o
                0x00401518                pio_get_interrupt_mask
 .text.pio_set_pin_high
                0x0040151c       0x1c src/ASF/sam/drivers/pio/pio.o
                0x0040151c                pio_set_pin_high
 .text.pio_set_pin_low
                0x00401538       0x1c src/ASF/sam/drivers/pio/pio.o
                0x00401538                pio_set_pin_low
 .text.pio_configure_pin
                0x00401554      0x148 src/ASF/sam/drivers/pio/pio.o
                0x00401554                pio_configure_pin
 .text.pio_capture_enable
                0x0040169c       0x18 src/ASF/sam/drivers/pio/pio.o
                0x0040169c                pio_capture_enable
 .text.pio_capture_disable
                0x004016b4       0x18 src/ASF/sam/drivers/pio/pio.o
                0x004016b4                pio_capture_disable
 .text.pmc_switch_mck_to_pllack
                0x004016cc       0x58 src/ASF/sam/drivers/pmc/pmc.o
                0x004016cc                pmc_switch_mck_to_pllack
 .text.pmc_switch_mainck_to_xtal
                0x00401724       0x50 src/ASF/sam/drivers/pmc/pmc.o
                0x00401724                pmc_switch_mainck_to_xtal
 .text.pmc_osc_is_ready_mainck
                0x00401774       0x10 src/ASF/sam/drivers/pmc/pmc.o
                0x00401774                pmc_osc_is_ready_mainck
 .text.pmc_disable_pllack
                0x00401784       0x10 src/ASF/sam/drivers/pmc/pmc.o
                0x00401784                pmc_disable_pllack
 .text.pmc_is_locked_pllack
                0x00401794       0x10 src/ASF/sam/drivers/pmc/pmc.o
                0x00401794                pmc_is_locked_pllack
 .text.pmc_enable_pllbck
                0x004017a4       0x30 src/ASF/sam/drivers/pmc/pmc.o
                0x004017a4                pmc_enable_pllbck
 .text.pmc_enable_periph_clk
                0x004017d4       0x44 src/ASF/sam/drivers/pmc/pmc.o
                0x004017d4                pmc_enable_periph_clk
 .text.board_init
                0x00401818       0xb0 src/ASF/common/boards/user_board/init.o
                0x00401818                board_init
 .text.Dummy_Handler
                0x004018c8        0x4 src/ASF/sam/utils/cmsis/sam4s/source/templates/gcc/startup_sam4s.o
                0x004018c8                DACC_Handler
                0x004018c8                DebugMon_Handler
                0x004018c8                HardFault_Handler
                0x004018c8                TC2_Handler
                0x004018c8                SPI_Handler
                0x004018c8                SysTick_Handler
                0x004018c8                TWI1_Handler
                0x004018c8                PendSV_Handler
                0x004018c8                NMI_Handler
                0x004018c8                ADC_Handler
                0x004018c8                CRCCU_Handler
                0x004018c8                RTT_Handler
                0x004018c8                RTC_Handler
                0x004018c8                UsageFault_Handler
                0x004018c8                WDT_Handler
                0x004018c8                TC1_Handler
                0x004018c8                HSMCI_Handler
                0x004018c8                UART1_Handler
                0x004018c8                Dummy_Handler
                0x004018c8                TWI0_Handler
                0x004018c8                USART1_Handler
                0x004018c8                SSC_Handler
                0x004018c8                EFC0_Handler
                0x004018c8                ACC_Handler
                0x004018c8                PMC_Handler
                0x004018c8                PWM_Handler
                0x004018c8                MemManage_Handler
                0x004018c8                SUPC_Handler
                0x004018c8                SVC_Handler
                0x004018c8                UART0_Handler
                0x004018c8                UDP_Handler
                0x004018c8                BusFault_Handler
                0x004018c8                RSTC_Handler
 .text.Reset_Handler
                0x004018cc       0x94 src/ASF/sam/utils/cmsis/sam4s/source/templates/gcc/startup_sam4s.o
                0x004018cc                Reset_Handler
 .text.SystemCoreClockUpdate
                0x00401960       0xe8 src/ASF/sam/utils/cmsis/sam4s/source/templates/system_sam4s.o
                0x00401960                SystemCoreClockUpdate
 .text.system_init_flash
                0x00401a48       0x74 src/ASF/sam/utils/cmsis/sam4s/source/templates/system_sam4s.o
                0x00401a48                system_init_flash
 .text._sbrk    0x00401abc       0x2c src/ASF/sam/utils/syscalls/gcc/syscalls.o
                0x00401abc                _sbrk
 .text.startup.main
                0x00401ae8      0x1a8 src/main.o
                0x00401ae8                main
 .text.atoi     0x00401c90        0x8 f:/atmel/studio/7.0/toolchain/arm/arm-gnu-toolchain/bin/../lib/gcc/arm-none-eabi/6.3.1/../../../../arm-none-eabi/lib/thumb/v7e-m\libc.a(lib_a-atoi.o)
                0x00401c90                atoi
 .text.__libc_init_array
                0x00401c98       0x50 f:/atmel/studio/7.0/toolchain/arm/arm-gnu-toolchain/bin/../lib/gcc/arm-none-eabi/6.3.1/../../../../arm-none-eabi/lib/thumb/v7e-m\libc.a(lib_a-init.o)
                0x00401c98                __libc_init_array
 .text          0x00401ce8      0x134 f:/atmel/studio/7.0/toolchain/arm/arm-gnu-toolchain/bin/../lib/gcc/arm-none-eabi/6.3.1/../../../../arm-none-eabi/lib/thumb/v7e-m\libc.a(lib_a-memcpy.o)
                0x00401ce8                memcpy
 .text.memset   0x00401e1c       0x9c f:/atmel/studio/7.0/toolchain/arm/arm-gnu-toolchain/bin/../lib/gcc/arm-none-eabi/6.3.1/../../../../arm-none-eabi/lib/thumb/v7e-m\libc.a(lib_a-memset.o)
                0x00401e1c                memset
 .text.sprintf  0x00401eb8       0x4c f:/atmel/studio/7.0/toolchain/arm/arm-gnu-toolchain/bin/../lib/gcc/arm-none-eabi/6.3.1/../../../../arm-none-eabi/lib/thumb/v7e-m\libc.a(lib_a-sprintf.o)
                0x00401eb8                sprintf
 .text.strchr   0x00401f04       0xe8 f:/atmel/studio/7.0/toolchain/arm/arm-gnu-toolchain/bin/../lib/gcc/arm-none-eabi/6.3.1/../../../../arm-none-eabi/lib/thumb/v7e-m\libc.a(lib_a-strchr.o)
                0x00401f04                strchr
 .text.critical_factorization
                0x00401fec       0xb4 f:/atmel/studio/7.0/toolchain/arm/arm-gnu-toolchain/bin/../lib/gcc/arm-none-eabi/6.3.1/../../../../arm-none-eabi/lib/thumb/v7e-m\libc.a(lib_a-strstr.o)
 .text.two_way_long_needle
                0x004020a0      0x1fc f:/atmel/studio/7.0/toolchain/arm/arm-gnu-toolchain/bin/../lib/gcc/arm-none-eabi/6.3.1/../../../../arm-none-eabi/lib/thumb/v7e-m\libc.a(lib_a-strstr.o)
 .text.strstr   0x0040229c      0x218 f:/atmel/studio/7.0/toolchain/arm/arm-gnu-toolchain/bin/../lib/gcc/arm-none-eabi/6.3.1/../../../../arm-none-eabi/lib/thumb/v7e-m\libc.a(lib_a-strstr.o)
                0x0040229c                strstr
 .text._strtol_l.isra.0
                0x004024b4      0x128 f:/atmel/studio/7.0/toolchain/arm/arm-gnu-toolchain/bin/../lib/gcc/arm-none-eabi/6.3.1/../../../../arm-none-eabi/lib/thumb/v7e-m\libc.a(lib_a-strtol.o)
 .text.strtol   0x004025dc       0x2c f:/atmel/studio/7.0/toolchain/arm/arm-gnu-toolchain/bin/../lib/gcc/arm-none-eabi/6.3.1/../../../../arm-none-eabi/lib/thumb/v7e-m\libc.a(lib_a-strtol.o)
                0x004025dc                strtol
 .text._svfprintf_r
                0x00402608     0x145c f:/atmel/studio/7.0/toolchain/arm/arm-gnu-toolchain/bin/../lib/gcc/arm-none-eabi/6.3.1/../../../../arm-none-eabi/lib/thumb/v7e-m\libc.a(lib_a-svfprintf.o)
                0x00402608                _svfprintf_r
 .text.startup.register_fini
                0x00403a64       0x14 f:/atmel/studio/7.0/toolchain/arm/arm-gnu-toolchain/bin/../lib/gcc/arm-none-eabi/6.3.1/../../../../arm-none-eabi/lib/thumb/v7e-m\libc.a(lib_a-__call_atexit.o)
 .text.atexit   0x00403a78        0xc f:/atmel/studio/7.0/toolchain/arm/arm-gnu-toolchain/bin/../lib/gcc/arm-none-eabi/6.3.1/../../../../arm-none-eabi/lib/thumb/v7e-m\libc.a(lib_a-atexit.o)
                0x00403a78                atexit
 .text.quorem   0x00403a84      0x128 f:/atmel/studio/7.0/toolchain/arm/arm-gnu-toolchain/bin/../lib/gcc/arm-none-eabi/6.3.1/../../../../arm-none-eabi/lib/thumb/v7e-m\libc.a(lib_a-dtoa.o)
 *fill*         0x00403bac        0x4 
 .text._dtoa_r  0x00403bb0      0xe54 f:/atmel/studio/7.0/toolchain/arm/arm-gnu-toolchain/bin/../lib/gcc/arm-none-eabi/6.3.1/../../../../arm-none-eabi/lib/thumb/v7e-m\libc.a(lib_a-dtoa.o)
                0x00403bb0                _dtoa_r
 .text.__libc_fini_array
                0x00404a04       0x34 f:/atmel/studio/7.0/toolchain/arm/arm-gnu-toolchain/bin/../lib/gcc/arm-none-eabi/6.3.1/../../../../arm-none-eabi/lib/thumb/v7e-m\libc.a(lib_a-fini.o)
                0x00404a04                __libc_fini_array
 .text.__locale_ctype_ptr_l
                0x00404a38        0x8 f:/atmel/studio/7.0/toolchain/arm/arm-gnu-toolchain/bin/../lib/gcc/arm-none-eabi/6.3.1/../../../../arm-none-eabi/lib/thumb/v7e-m\libc.a(lib_a-locale.o)
                0x00404a38                __locale_ctype_ptr_l
 .text._localeconv_r
                0x00404a40       0x1c f:/atmel/studio/7.0/toolchain/arm/arm-gnu-toolchain/bin/../lib/gcc/arm-none-eabi/6.3.1/../../../../arm-none-eabi/lib/thumb/v7e-m\libc.a(lib_a-localeconv.o)
                0x00404a40                _localeconv_r
 .text.__retarget_lock_acquire_recursive
                0x00404a5c        0x4 f:/atmel/studio/7.0/toolchain/arm/arm-gnu-toolchain/bin/../lib/gcc/arm-none-eabi/6.3.1/../../../../arm-none-eabi/lib/thumb/v7e-m\libc.a(lib_a-lock.o)
                0x00404a5c                __retarget_lock_acquire_recursive
 .text.__retarget_lock_release_recursive
                0x00404a60        0x4 f:/atmel/studio/7.0/toolchain/arm/arm-gnu-toolchain/bin/../lib/gcc/arm-none-eabi/6.3.1/../../../../arm-none-eabi/lib/thumb/v7e-m\libc.a(lib_a-lock.o)
                0x00404a60                __retarget_lock_release_recursive
 .text._malloc_r
                0x00404a64      0x560 f:/atmel/studio/7.0/toolchain/arm/arm-gnu-toolchain/bin/../lib/gcc/arm-none-eabi/6.3.1/../../../../arm-none-eabi/lib/thumb/v7e-m\libc.a(lib_a-mallocr.o)
                0x00404a64                _malloc_r
 .text.__ascii_mbtowc
                0x00404fc4       0x2c f:/atmel/studio/7.0/toolchain/arm/arm-gnu-toolchain/bin/../lib/gcc/arm-none-eabi/6.3.1/../../../../arm-none-eabi/lib/thumb/v7e-m\libc.a(lib_a-mbtowc_r.o)
                0x00404fc4                __ascii_mbtowc
 .text          0x00404ff0       0xa0 f:/atmel/studio/7.0/toolchain/arm/arm-gnu-toolchain/bin/../lib/gcc/arm-none-eabi/6.3.1/../../../../arm-none-eabi/lib/thumb/v7e-m\libc.a(lib_a-memchr.o)
                0x00404ff0                memchr
 .text.memcmp   0x00405090       0x60 f:/atmel/studio/7.0/toolchain/arm/arm-gnu-toolchain/bin/../lib/gcc/arm-none-eabi/6.3.1/../../../../arm-none-eabi/lib/thumb/v7e-m\libc.a(lib_a-memcmp.o)
                0x00405090                memcmp
 .text.__malloc_lock
                0x004050f0        0xc f:/atmel/studio/7.0/toolchain/arm/arm-gnu-toolchain/bin/../lib/gcc/arm-none-eabi/6.3.1/../../../../arm-none-eabi/lib/thumb/v7e-m\libc.a(lib_a-mlock.o)
                0x004050f0                __malloc_lock
 .text.__malloc_unlock
                0x004050fc        0xc f:/atmel/studio/7.0/toolchain/arm/arm-gnu-toolchain/bin/../lib/gcc/arm-none-eabi/6.3.1/../../../../arm-none-eabi/lib/thumb/v7e-m\libc.a(lib_a-mlock.o)
                0x004050fc                __malloc_unlock
 .text._Balloc  0x00405108       0x4c f:/atmel/studio/7.0/toolchain/arm/arm-gnu-toolchain/bin/../lib/gcc/arm-none-eabi/6.3.1/../../../../arm-none-eabi/lib/thumb/v7e-m\libc.a(lib_a-mprec.o)
                0x00405108                _Balloc
 .text._Bfree   0x00405154       0x14 f:/atmel/studio/7.0/toolchain/arm/arm-gnu-toolchain/bin/../lib/gcc/arm-none-eabi/6.3.1/../../../../arm-none-eabi/lib/thumb/v7e-m\libc.a(lib_a-mprec.o)
                0x00405154                _Bfree
 .text.__multadd
                0x00405168       0x80 f:/atmel/studio/7.0/toolchain/arm/arm-gnu-toolchain/bin/../lib/gcc/arm-none-eabi/6.3.1/../../../../arm-none-eabi/lib/thumb/v7e-m\libc.a(lib_a-mprec.o)
                0x00405168                __multadd
 .text.__hi0bits
                0x004051e8       0x40 f:/atmel/studio/7.0/toolchain/arm/arm-gnu-toolchain/bin/../lib/gcc/arm-none-eabi/6.3.1/../../../../arm-none-eabi/lib/thumb/v7e-m\libc.a(lib_a-mprec.o)
                0x004051e8                __hi0bits
 .text.__lo0bits
                0x00405228       0x60 f:/atmel/studio/7.0/toolchain/arm/arm-gnu-toolchain/bin/../lib/gcc/arm-none-eabi/6.3.1/../../../../arm-none-eabi/lib/thumb/v7e-m\libc.a(lib_a-mprec.o)
                0x00405228                __lo0bits
 .text.__i2b    0x00405288       0x14 f:/atmel/studio/7.0/toolchain/arm/arm-gnu-toolchain/bin/../lib/gcc/arm-none-eabi/6.3.1/../../../../arm-none-eabi/lib/thumb/v7e-m\libc.a(lib_a-mprec.o)
                0x00405288                __i2b
 .text.__multiply
                0x0040529c      0x124 f:/atmel/studio/7.0/toolchain/arm/arm-gnu-toolchain/bin/../lib/gcc/arm-none-eabi/6.3.1/../../../../arm-none-eabi/lib/thumb/v7e-m\libc.a(lib_a-mprec.o)
                0x0040529c                __multiply
 .text.__pow5mult
                0x004053c0       0xa0 f:/atmel/studio/7.0/toolchain/arm/arm-gnu-toolchain/bin/../lib/gcc/arm-none-eabi/6.3.1/../../../../arm-none-eabi/lib/thumb/v7e-m\libc.a(lib_a-mprec.o)
                0x004053c0                __pow5mult
 .text.__lshift
                0x00405460       0xa4 f:/atmel/studio/7.0/toolchain/arm/arm-gnu-toolchain/bin/../lib/gcc/arm-none-eabi/6.3.1/../../../../arm-none-eabi/lib/thumb/v7e-m\libc.a(lib_a-mprec.o)
                0x00405460                __lshift
 .text.__mcmp   0x00405504       0x38 f:/atmel/studio/7.0/toolchain/arm/arm-gnu-toolchain/bin/../lib/gcc/arm-none-eabi/6.3.1/../../../../arm-none-eabi/lib/thumb/v7e-m\libc.a(lib_a-mprec.o)
                0x00405504                __mcmp
 .text.__mdiff  0x0040553c      0x108 f:/atmel/studio/7.0/toolchain/arm/arm-gnu-toolchain/bin/../lib/gcc/arm-none-eabi/6.3.1/../../../../arm-none-eabi/lib/thumb/v7e-m\libc.a(lib_a-mprec.o)
                0x0040553c                __mdiff
 .text.__d2b    0x00405644       0xb8 f:/atmel/studio/7.0/toolchain/arm/arm-gnu-toolchain/bin/../lib/gcc/arm-none-eabi/6.3.1/../../../../arm-none-eabi/lib/thumb/v7e-m\libc.a(lib_a-mprec.o)
                0x00405644                __d2b
 .text._sbrk_r  0x004056fc       0x24 f:/atmel/studio/7.0/toolchain/arm/arm-gnu-toolchain/bin/../lib/gcc/arm-none-eabi/6.3.1/../../../../arm-none-eabi/lib/thumb/v7e-m\libc.a(lib_a-sbrkr.o)
                0x004056fc                _sbrk_r
 *fill*         0x00405720       0x20 
 .text          0x00405740       0xdc f:/atmel/studio/7.0/toolchain/arm/arm-gnu-toolchain/bin/../lib/gcc/arm-none-eabi/6.3.1/../../../../arm-none-eabi/lib/thumb/v7e-m\libc.a(lib_a-strlen.o)
                0x00405740                strlen
 .text.__ssprint_r
                0x0040581c       0xfc f:/atmel/studio/7.0/toolchain/arm/arm-gnu-toolchain/bin/../lib/gcc/arm-none-eabi/6.3.1/../../../../arm-none-eabi/lib/thumb/v7e-m\libc.a(lib_a-svfiprintf.o)
                0x0040581c                __ssprint_r
 .text.__ascii_wctomb
                0x00405918       0x1c f:/atmel/studio/7.0/toolchain/arm/arm-gnu-toolchain/bin/../lib/gcc/arm-none-eabi/6.3.1/../../../../arm-none-eabi/lib/thumb/v7e-m\libc.a(lib_a-wctomb_r.o)
                0x00405918                __ascii_wctomb
 .text.__register_exitproc
                0x00405934       0xc4 f:/atmel/studio/7.0/toolchain/arm/arm-gnu-toolchain/bin/../lib/gcc/arm-none-eabi/6.3.1/../../../../arm-none-eabi/lib/thumb/v7e-m\libc.a(lib_a-__atexit.o)
                0x00405934                __register_exitproc
 .text._calloc_r
                0x004059f8       0x60 f:/atmel/studio/7.0/toolchain/arm/arm-gnu-toolchain/bin/../lib/gcc/arm-none-eabi/6.3.1/../../../../arm-none-eabi/lib/thumb/v7e-m\libc.a(lib_a-callocr.o)
                0x004059f8                _calloc_r
 .text._malloc_trim_r
                0x00405a58       0xa0 f:/atmel/studio/7.0/toolchain/arm/arm-gnu-toolchain/bin/../lib/gcc/arm-none-eabi/6.3.1/../../../../arm-none-eabi/lib/thumb/v7e-m\libc.a(lib_a-freer.o)
                0x00405a58                _malloc_trim_r
 .text._free_r  0x00405af8      0x1cc f:/atmel/studio/7.0/toolchain/arm/arm-gnu-toolchain/bin/../lib/gcc/arm-none-eabi/6.3.1/../../../../arm-none-eabi/lib/thumb/v7e-m\libc.a(lib_a-freer.o)
                0x00405af8                _free_r
 .text.memmove  0x00405cc4       0xc8 f:/atmel/studio/7.0/toolchain/arm/arm-gnu-toolchain/bin/../lib/gcc/arm-none-eabi/6.3.1/../../../../arm-none-eabi/lib/thumb/v7e-m\libc.a(lib_a-memmove.o)
                0x00405cc4                memmove
 .text._realloc_r
                0x00405d8c      0x34c f:/atmel/studio/7.0/toolchain/arm/arm-gnu-toolchain/bin/../lib/gcc/arm-none-eabi/6.3.1/../../../../arm-none-eabi/lib/thumb/v7e-m\libc.a(lib_a-reallocr.o)
                0x00405d8c                _realloc_r
 .text          0x004060d8      0x370 f:/atmel/studio/7.0/toolchain/arm/arm-gnu-toolchain/bin/../lib/gcc/arm-none-eabi/6.3.1/thumb/v7e-m\libgcc.a(_arm_addsubdf3.o)
                0x004060d8                __aeabi_drsub
                0x004060e0                __aeabi_dsub
                0x004060e0                __subdf3
                0x004060e4                __aeabi_dadd
                0x004060e4                __adddf3
                0x0040635c                __floatunsidf
                0x0040635c                __aeabi_ui2d
                0x0040637c                __floatsidf
                0x0040637c                __aeabi_i2d
                0x004063a0                __aeabi_f2d
                0x004063a0                __extendsfdf2
                0x004063dc                __floatundidf
                0x004063dc                __aeabi_ul2d
                0x004063ec                __floatdidf
                0x004063ec                __aeabi_l2d
 .text          0x00406448      0x424 f:/atmel/studio/7.0/toolchain/arm/arm-gnu-toolchain/bin/../lib/gcc/arm-none-eabi/6.3.1/thumb/v7e-m\libgcc.a(_arm_muldivdf3.o)
                0x00406448                __aeabi_dmul
                0x00406448                __muldf3
                0x0040669c                __divdf3
                0x0040669c                __aeabi_ddiv
 .text          0x0040686c      0x110 f:/atmel/studio/7.0/toolchain/arm/arm-gnu-toolchain/bin/../lib/gcc/arm-none-eabi/6.3.1/thumb/v7e-m\libgcc.a(_arm_cmpdf2.o)
                0x0040686c                __gtdf2
                0x0040686c                __gedf2
                0x00406874                __ltdf2
                0x00406874                __ledf2
                0x0040687c                __nedf2
                0x0040687c                __eqdf2
                0x0040687c                __cmpdf2
                0x004068f8                __aeabi_cdrcmple
                0x00406908                __aeabi_cdcmpeq
                0x00406908                __aeabi_cdcmple
                0x00406918                __aeabi_dcmpeq
                0x0040692c                __aeabi_dcmplt
                0x00406940                __aeabi_dcmple
                0x00406954                __aeabi_dcmpge
                0x00406968                __aeabi_dcmpgt
 .text          0x0040697c       0x2c f:/atmel/studio/7.0/toolchain/arm/arm-gnu-toolchain/bin/../lib/gcc/arm-none-eabi/6.3.1/thumb/v7e-m\libgcc.a(_arm_unorddf2.o)
                0x0040697c                __unorddf2
                0x0040697c                __aeabi_dcmpun
 .text          0x004069a8       0x50 f:/atmel/studio/7.0/toolchain/arm/arm-gnu-toolchain/bin/../lib/gcc/arm-none-eabi/6.3.1/thumb/v7e-m\libgcc.a(_arm_fixdfsi.o)
                0x004069a8                __aeabi_d2iz
                0x004069a8                __fixdfsi
 .text          0x004069f8       0x30 f:/atmel/studio/7.0/toolchain/arm/arm-gnu-toolchain/bin/../lib/gcc/arm-none-eabi/6.3.1/thumb/v7e-m\libgcc.a(_aeabi_uldivmod.o)
                0x004069f8                __aeabi_uldivmod
 .text          0x00406a28      0x2dc f:/atmel/studio/7.0/toolchain/arm/arm-gnu-toolchain/bin/../lib/gcc/arm-none-eabi/6.3.1/thumb/v7e-m\libgcc.a(_udivmoddi4.o)
                0x00406a28                __udivmoddi4
 .text          0x00406d04        0x4 f:/atmel/studio/7.0/toolchain/arm/arm-gnu-toolchain/bin/../lib/gcc/arm-none-eabi/6.3.1/thumb/v7e-m\libgcc.a(_dvmd_tls.o)
                0x00406d04                __aeabi_idiv0
                0x00406d04                __aeabi_ldiv0
 *(.glue_7t)
 .glue_7t       0x00406d08        0x0 linker stubs
 *(.glue_7)
 .glue_7        0x00406d08        0x0 linker stubs
 *(.rodata .rodata* .gnu.linkonce.r.*)
 .rodata        0x00406d08       0x2c src/ASF/sam/drivers/pwm/pwm.o
 .rodata.CSWTCH.27
                0x00406d34       0x48 src/ov2640.o
 .rodata.OV2640_JPEG
                0x00406d7c       0x12 src/ov2640_table_registers.o
                0x00406d7c                OV2640_JPEG
 *fill*         0x00406d8e        0x2 
 .rodata.OV2640_JPEG_1024x768
                0x00406d90       0x4e src/ov2640_table_registers.o
                0x00406d90                OV2640_JPEG_1024x768
 *fill*         0x00406dde        0x2 
 .rodata.OV2640_JPEG_1280x1024
                0x00406de0       0x52 src/ov2640_table_registers.o
                0x00406de0                OV2640_JPEG_1280x1024
 *fill*         0x00406e32        0x2 
 .rodata.OV2640_JPEG_1600x1200
                0x00406e34       0x52 src/ov2640_table_registers.o
                0x00406e34                OV2640_JPEG_1600x1200
 *fill*         0x00406e86        0x2 
 .rodata.OV2640_JPEG_320x240
                0x00406e88       0x50 src/ov2640_table_registers.o
                0x00406e88                OV2640_JPEG_320x240
 .rodata.OV2640_JPEG_640x480
                0x00406ed8       0x52 src/ov2640_table_registers.o
                0x00406ed8                OV2640_JPEG_640x480
 *fill*         0x00406f2a        0x2 
 .rodata.OV2640_JPEG_800x600
                0x00406f2c       0x52 src/ov2640_table_registers.o
                0x00406f2c                OV2640_JPEG_800x600
 *fill*         0x00406f7e        0x2 
 .rodata.OV2640_JPEG_INIT
                0x00406f80      0x17e src/ov2640_table_registers.o
                0x00406f80                OV2640_JPEG_INIT
 *fill*         0x004070fe        0x2 
 .rodata.OV2640_QQVGA_RGB888
                0x00407100       0xf4 src/ov2640_table_registers.o
                0x00407100                OV2640_QQVGA_RGB888
 .rodata.OV2640_QQVGA_YUV422
                0x004071f4       0xf4 src/ov2640_table_registers.o
                0x004071f4                OV2640_QQVGA_YUV422
 .rodata.OV2640_QVGA_RGB888
                0x004072e8       0xf4 src/ov2640_table_registers.o
                0x004072e8                OV2640_QVGA_RGB888
 .rodata.OV2640_QVGA_YUV422_10FPS
                0x004073dc       0xf0 src/ov2640_table_registers.o
                0x004073dc                OV2640_QVGA_YUV422_10FPS
 .rodata.OV2640_QVGA_YUV422_15FPS
                0x004074cc       0xf0 src/ov2640_table_registers.o
                0x004074cc                OV2640_QVGA_YUV422_15FPS
 .rodata.OV2640_QVGA_YUV422_20FPS
                0x004075bc       0xf0 src/ov2640_table_registers.o
                0x004075bc                OV2640_QVGA_YUV422_20FPS
 .rodata.OV2640_QVGA_YUV422_30FPS
                0x004076ac       0xf0 src/ov2640_table_registers.o
                0x004076ac                OV2640_QVGA_YUV422_30FPS
 .rodata.OV2640_TEST_PATTERN
                0x0040779c       0xf4 src/ov2640_table_registers.o
                0x0040779c                OV2640_TEST_PATTERN
 .rodata.OV2640_VGA_YUV422_20FPS
                0x00407890       0xf0 src/ov2640_table_registers.o
                0x00407890                OV2640_VGA_YUV422_20FPS
 .rodata.OV2640_YUV422
                0x00407980       0x14 src/ov2640_table_registers.o
                0x00407980                OV2640_YUV422
 .rodata        0x00407994       0x18 src/wifi.o
 .rodata.wifi_command_response_handler.str1.4
                0x004079ac       0x4b src/wifi.o
 *fill*         0x004079f7        0x1 
 .rodata.write_image_to_file.str1.4
                0x004079f8       0x61 src/wifi.o
 *fill*         0x00407a59        0x3 
 .rodata.main.str1.4
                0x00407a5c       0x40 src/main.o
 .rodata._global_impure_ptr
                0x00407a9c        0x4 f:/atmel/studio/7.0/toolchain/arm/arm-gnu-toolchain/bin/../lib/gcc/arm-none-eabi/6.3.1/../../../../arm-none-eabi/lib/thumb/v7e-m\libc.a(lib_a-impure.o)
                0x00407a9c                _global_impure_ptr
 .rodata._svfprintf_r.str1.4
                0x00407aa0       0x42 f:/atmel/studio/7.0/toolchain/arm/arm-gnu-toolchain/bin/../lib/gcc/arm-none-eabi/6.3.1/../../../../arm-none-eabi/lib/thumb/v7e-m\libc.a(lib_a-svfprintf.o)
 *fill*         0x00407ae2        0x2 
 .rodata.blanks.7223
                0x00407ae4       0x10 f:/atmel/studio/7.0/toolchain/arm/arm-gnu-toolchain/bin/../lib/gcc/arm-none-eabi/6.3.1/../../../../arm-none-eabi/lib/thumb/v7e-m\libc.a(lib_a-svfprintf.o)
 .rodata.zeroes.7224
                0x00407af4       0x10 f:/atmel/studio/7.0/toolchain/arm/arm-gnu-toolchain/bin/../lib/gcc/arm-none-eabi/6.3.1/../../../../arm-none-eabi/lib/thumb/v7e-m\libc.a(lib_a-svfprintf.o)
 .rodata._dtoa_r.str1.4
                0x00407b04       0x10 f:/atmel/studio/7.0/toolchain/arm/arm-gnu-toolchain/bin/../lib/gcc/arm-none-eabi/6.3.1/../../../../arm-none-eabi/lib/thumb/v7e-m\libc.a(lib_a-dtoa.o)
                                 0x12 (size before relaxing)
 .rodata._setlocale_r.str1.4
                0x00407b14        0xa f:/atmel/studio/7.0/toolchain/arm/arm-gnu-toolchain/bin/../lib/gcc/arm-none-eabi/6.3.1/../../../../arm-none-eabi/lib/thumb/v7e-m\libc.a(lib_a-locale.o)
                                  0xd (size before relaxing)
 *fill*         0x00407b1e        0x2 
 .rodata.str1.4
                0x00407b20        0x4 f:/atmel/studio/7.0/toolchain/arm/arm-gnu-toolchain/bin/../lib/gcc/arm-none-eabi/6.3.1/../../../../arm-none-eabi/lib/thumb/v7e-m\libc.a(lib_a-locale.o)
                                  0x2 (size before relaxing)
 *fill*         0x00407b24        0x4 
 .rodata.__mprec_bigtens
                0x00407b28       0x28 f:/atmel/studio/7.0/toolchain/arm/arm-gnu-toolchain/bin/../lib/gcc/arm-none-eabi/6.3.1/../../../../arm-none-eabi/lib/thumb/v7e-m\libc.a(lib_a-mprec.o)
                0x00407b28                __mprec_bigtens
 .rodata.__mprec_tens
                0x00407b50       0xc8 f:/atmel/studio/7.0/toolchain/arm/arm-gnu-toolchain/bin/../lib/gcc/arm-none-eabi/6.3.1/../../../../arm-none-eabi/lib/thumb/v7e-m\libc.a(lib_a-mprec.o)
                0x00407b50                __mprec_tens
 .rodata.p05.6055
                0x00407c18        0xc f:/atmel/studio/7.0/toolchain/arm/arm-gnu-toolchain/bin/../lib/gcc/arm-none-eabi/6.3.1/../../../../arm-none-eabi/lib/thumb/v7e-m\libc.a(lib_a-mprec.o)
 .rodata._ctype_
                0x00407c24      0x101 f:/atmel/studio/7.0/toolchain/arm/arm-gnu-toolchain/bin/../lib/gcc/arm-none-eabi/6.3.1/../../../../arm-none-eabi/lib/thumb/v7e-m\libc.a(lib_a-ctype_.o)
                0x00407c24                _ctype_
 *(.ARM.extab* .gnu.linkonce.armextab.*)
                0x00407d28                . = ALIGN (0x4)
 *fill*         0x00407d25        0x3 
 *(.init)
 .init          0x00407d28        0x4 f:/atmel/studio/7.0/toolchain/arm/arm-gnu-toolchain/bin/../lib/gcc/arm-none-eabi/6.3.1/thumb/v7e-m/crti.o
                0x00407d28                _init
 .init          0x00407d2c        0x8 f:/atmel/studio/7.0/toolchain/arm/arm-gnu-toolchain/bin/../lib/gcc/arm-none-eabi/6.3.1/thumb/v7e-m/crtn.o
                0x00407d34                . = ALIGN (0x4)
                0x00407d34                __preinit_array_start = .
 *(.preinit_array)
                0x00407d34                __preinit_array_end = .
                0x00407d34                . = ALIGN (0x4)
                0x00407d34                __init_array_start = .
 *(SORT(.init_array.*))
 .init_array.00000
                0x00407d34        0x4 f:/atmel/studio/7.0/toolchain/arm/arm-gnu-toolchain/bin/../lib/gcc/arm-none-eabi/6.3.1/../../../../arm-none-eabi/lib/thumb/v7e-m\libc.a(lib_a-__call_atexit.o)
 *(.init_array)
 .init_array    0x00407d38        0x4 f:/atmel/studio/7.0/toolchain/arm/arm-gnu-toolchain/bin/../lib/gcc/arm-none-eabi/6.3.1/thumb/v7e-m/crtbegin.o
                0x00407d3c                __init_array_end = .
                0x00407d3c                . = ALIGN (0x4)
 *crtbegin.o(.ctors)
 *(EXCLUDE_FILE(*crtend.o) .ctors)
 *(SORT(.ctors.*))
 *crtend.o(.ctors)
                0x00407d3c                . = ALIGN (0x4)
 *(.fini)
 .fini          0x00407d3c        0x4 f:/atmel/studio/7.0/toolchain/arm/arm-gnu-toolchain/bin/../lib/gcc/arm-none-eabi/6.3.1/thumb/v7e-m/crti.o
                0x00407d3c                _fini
 .fini          0x00407d40        0x8 f:/atmel/studio/7.0/toolchain/arm/arm-gnu-toolchain/bin/../lib/gcc/arm-none-eabi/6.3.1/thumb/v7e-m/crtn.o
                0x00407d48                . = ALIGN (0x4)
                0x00407d48                __fini_array_start = .
 *(.fini_array)
 .fini_array    0x00407d48        0x4 f:/atmel/studio/7.0/toolchain/arm/arm-gnu-toolchain/bin/../lib/gcc/arm-none-eabi/6.3.1/thumb/v7e-m/crtbegin.o
 *(SORT(.fini_array.*))
                0x00407d4c                __fini_array_end = .
 *crtbegin.o(.dtors)
 *(EXCLUDE_FILE(*crtend.o) .dtors)
 *(SORT(.dtors.*))
 *crtend.o(.dtors)
                0x00407d4c                . = ALIGN (0x4)
                0x00407d4c                _efixed = .
                [!provide]                PROVIDE (__exidx_start, .)

.vfp11_veneer   0x00407d4c        0x0
 .vfp11_veneer  0x00407d4c        0x0 linker stubs

.v4_bx          0x00407d4c        0x0
 .v4_bx         0x00407d4c        0x0 linker stubs

.iplt           0x00407d4c        0x0
 .iplt          0x00407d4c        0x0 f:/atmel/studio/7.0/toolchain/arm/arm-gnu-toolchain/bin/../lib/gcc/arm-none-eabi/6.3.1/thumb/v7e-m/crtbegin.o

.ARM.exidx      0x00407d4c        0x8
 *(.ARM.exidx* .gnu.linkonce.armexidx.*)
 .ARM.exidx     0x00407d4c        0x8 f:/atmel/studio/7.0/toolchain/arm/arm-gnu-toolchain/bin/../lib/gcc/arm-none-eabi/6.3.1/thumb/v7e-m\libgcc.a(_udivmoddi4.o)
                [!provide]                PROVIDE (__exidx_end, .)

.eh_frame       0x00407d54        0x0
 .eh_frame      0x00407d54        0x0 f:/atmel/studio/7.0/toolchain/arm/arm-gnu-toolchain/bin/../lib/gcc/arm-none-eabi/6.3.1/thumb/v7e-m/crtbegin.o

.rel.dyn        0x00407d54        0x0
 .rel.iplt      0x00407d54        0x0 f:/atmel/studio/7.0/toolchain/arm/arm-gnu-toolchain/bin/../lib/gcc/arm-none-eabi/6.3.1/thumb/v7e-m/crtbegin.o

.jcr            0x00407d54        0x0
 .jcr           0x00407d54        0x0 f:/atmel/studio/7.0/toolchain/arm/arm-gnu-toolchain/bin/../lib/gcc/arm-none-eabi/6.3.1/thumb/v7e-m/crtbegin.o

.igot.plt       0x00407d54        0x0
 .igot.plt      0x00407d54        0x0 f:/atmel/studio/7.0/toolchain/arm/arm-gnu-toolchain/bin/../lib/gcc/arm-none-eabi/6.3.1/thumb/v7e-m/crtbegin.o
                0x00407d54                . = ALIGN (0x4)
                0x00407d54                _etext = .

.relocate       0x20000000      0x9c8 load address 0x00407d54
                0x20000000                . = ALIGN (0x4)
                0x20000000                _srelocate = .
 *(.ramfunc .ramfunc.*)
 .ramfunc       0x20000000        0xa src/ASF/common/services/delay/sam/cycle_counter.o
                0x20000000                portable_delay_cycles
 *(.data .data.*)
 *fill*         0x2000000a        0x2 
 .data.pan_angle
                0x2000000c        0x4 src/servo.o
                0x2000000c                pan_angle
 .data.tilt_angle
                0x20000010        0x4 src/servo.o
                0x20000010                tilt_angle
 .data.SystemCoreClock
                0x20000014        0x4 src/ASF/sam/utils/cmsis/sam4s/source/templates/system_sam4s.o
                0x20000014                SystemCoreClock
 .data._impure_ptr
                0x20000018        0x4 f:/atmel/studio/7.0/toolchain/arm/arm-gnu-toolchain/bin/../lib/gcc/arm-none-eabi/6.3.1/../../../../arm-none-eabi/lib/thumb/v7e-m\libc.a(lib_a-impure.o)
                0x20000018                _impure_ptr
 *fill*         0x2000001c        0x4 
 .data.impure_data
                0x20000020      0x428 f:/atmel/studio/7.0/toolchain/arm/arm-gnu-toolchain/bin/../lib/gcc/arm-none-eabi/6.3.1/../../../../arm-none-eabi/lib/thumb/v7e-m\libc.a(lib_a-impure.o)
 .data.__atexit_recursive_mutex
                0x20000448        0x4 f:/atmel/studio/7.0/toolchain/arm/arm-gnu-toolchain/bin/../lib/gcc/arm-none-eabi/6.3.1/../../../../arm-none-eabi/lib/thumb/v7e-m\libc.a(lib_a-__call_atexit.o)
                0x20000448                __atexit_recursive_mutex
 .data.__global_locale
                0x2000044c      0x16c f:/atmel/studio/7.0/toolchain/arm/arm-gnu-toolchain/bin/../lib/gcc/arm-none-eabi/6.3.1/../../../../arm-none-eabi/lib/thumb/v7e-m\libc.a(lib_a-locale.o)
                0x2000044c                __global_locale
 .data.__malloc_av_
                0x200005b8      0x408 f:/atmel/studio/7.0/toolchain/arm/arm-gnu-toolchain/bin/../lib/gcc/arm-none-eabi/6.3.1/../../../../arm-none-eabi/lib/thumb/v7e-m\libc.a(lib_a-mallocr.o)
                0x200005b8                __malloc_av_
 .data.__malloc_sbrk_base
                0x200009c0        0x4 f:/atmel/studio/7.0/toolchain/arm/arm-gnu-toolchain/bin/../lib/gcc/arm-none-eabi/6.3.1/../../../../arm-none-eabi/lib/thumb/v7e-m\libc.a(lib_a-mallocr.o)
                0x200009c0                __malloc_sbrk_base
 .data.__malloc_trim_threshold
                0x200009c4        0x4 f:/atmel/studio/7.0/toolchain/arm/arm-gnu-toolchain/bin/../lib/gcc/arm-none-eabi/6.3.1/../../../../arm-none-eabi/lib/thumb/v7e-m\libc.a(lib_a-mallocr.o)
                0x200009c4                __malloc_trim_threshold
                0x200009c8                . = ALIGN (0x4)
                0x200009c8                _erelocate = .

.bss            0x200009c8     0xefc8 load address 0x0040871c
                0x200009c8                . = ALIGN (0x4)
                0x200009c8                _sbss = .
                0x200009c8                _szero = .
 *(.bss .bss.*)
 .bss           0x200009c8       0x1c f:/atmel/studio/7.0/toolchain/arm/arm-gnu-toolchain/bin/../lib/gcc/arm-none-eabi/6.3.1/thumb/v7e-m/crtbegin.o
 .bss.gs_interrupt_sources
                0x200009e4       0x70 src/ASF/sam/drivers/pio/pio_handler.o
 .bss.gs_ul_nb_sources
                0x20000a54        0x4 src/ASF/sam/drivers/pio/pio_handler.o
 .bss.pio_capture_handler
                0x20000a58        0x4 src/ASF/sam/drivers/pio/pio_handler.o
 .bss.ul_reg_val.7462
                0x20000a5c        0x4 src/ASF/sam/drivers/usart/usart.o
 .bss.g_ul_vsync_flag
                0x20000a60        0x4 src/camera.o
 .bss.image_len
                0x20000a64        0x4 src/camera.o
                0x20000a64                image_len
 .bss.start_idx
                0x20000a68        0x4 src/camera.o
                0x20000a68                start_idx
 .bss.input_pos_wifi
                0x20000a6c        0x4 src/wifi.o
                0x20000a6c                input_pos_wifi
 .bss.new_rx_wifi
                0x20000a70        0x1 src/wifi.o
                0x20000a70                new_rx_wifi
 *fill*         0x20000a71        0x3 
 .bss.received_byte_wifi
                0x20000a74        0x4 src/wifi.o
                0x20000a74                received_byte_wifi
 .bss.setup_web
                0x20000a78        0x4 src/wifi.o
                0x20000a78                setup_web
 .bss.ul_sysclk.8966
                0x20000a7c        0x4 src/wifi.o
 .bss.web_connected
                0x20000a80        0x1 src/wifi.o
                0x20000a80                web_connected
 .bss.wifi_comm_success
                0x20000a81        0x1 src/wifi.o
                0x20000a81                wifi_comm_success
 *fill*         0x20000a82        0x2 
 .bss.wifi_stream
                0x20000a84        0x4 src/wifi.o
                0x20000a84                wifi_stream
 .bss.heap.5297
                0x20000a88        0x4 src/ASF/sam/utils/syscalls/gcc/syscalls.o
 .bss.g_ul_vsync_flag
                0x20000a8c        0x4 src/main.o
 .bss.__malloc_current_mallinfo
                0x20000a90       0x28 f:/atmel/studio/7.0/toolchain/arm/arm-gnu-toolchain/bin/../lib/gcc/arm-none-eabi/6.3.1/../../../../arm-none-eabi/lib/thumb/v7e-m\libc.a(lib_a-mallocr.o)
                0x20000a90                __malloc_current_mallinfo
 .bss.__malloc_max_sbrked_mem
                0x20000ab8        0x4 f:/atmel/studio/7.0/toolchain/arm/arm-gnu-toolchain/bin/../lib/gcc/arm-none-eabi/6.3.1/../../../../arm-none-eabi/lib/thumb/v7e-m\libc.a(lib_a-mallocr.o)
                0x20000ab8                __malloc_max_sbrked_mem
 .bss.__malloc_max_total_mem
                0x20000abc        0x4 f:/atmel/studio/7.0/toolchain/arm/arm-gnu-toolchain/bin/../lib/gcc/arm-none-eabi/6.3.1/../../../../arm-none-eabi/lib/thumb/v7e-m\libc.a(lib_a-mallocr.o)
                0x20000abc                __malloc_max_total_mem
 .bss.__malloc_top_pad
                0x20000ac0        0x4 f:/atmel/studio/7.0/toolchain/arm/arm-gnu-toolchain/bin/../lib/gcc/arm-none-eabi/6.3.1/../../../../arm-none-eabi/lib/thumb/v7e-m\libc.a(lib_a-mallocr.o)
                0x20000ac0                __malloc_top_pad
 *(COMMON)
 COMMON         0x20000ac4     0xea61 src/camera.o
                0x20000ac4                image_buff
                0x2000f524                counts
 *fill*         0x2000f525        0x3 
 COMMON         0x2000f528       0x50 src/servo.o
                0x2000f528                pwm_channel_cam_1
                0x2000f550                pwm_channel_cam_0
 COMMON         0x2000f578      0x3ec src/wifi.o
                0x2000f578                input_line_wifi
                0x2000f960                cmd_ptr
 COMMON         0x2000f964        0x4 src/ASF/sam/drivers/pio/pio.o
                0x2000f964                pio_capture_enable_flag
 COMMON         0x2000f968       0x21 f:/atmel/studio/7.0/toolchain/arm/arm-gnu-toolchain/bin/../lib/gcc/arm-none-eabi/6.3.1/../../../../arm-none-eabi/lib/thumb/v7e-m\libc.a(lib_a-lock.o)
                0x2000f968                __lock___atexit_recursive_mutex
                0x2000f96c                __lock___arc4random_mutex
                0x2000f970                __lock___env_recursive_mutex
                0x2000f974                __lock___sinit_recursive_mutex
                0x2000f978                __lock___malloc_recursive_mutex
                0x2000f97c                __lock___at_quick_exit_mutex
                0x2000f980                __lock___dd_hash_mutex
                0x2000f984                __lock___tz_mutex
                0x2000f988                __lock___sfp_recursive_mutex
 *fill*         0x2000f989        0x3 
 COMMON         0x2000f98c        0x4 f:/atmel/studio/7.0/toolchain/arm/arm-gnu-toolchain/bin/../lib/gcc/arm-none-eabi/6.3.1/../../../../arm-none-eabi/lib/thumb/v7e-m\libc.a(lib_a-reent.o)
                0x2000f98c                errno
                0x2000f990                . = ALIGN (0x4)
                0x2000f990                _ebss = .
                0x2000f990                _ezero = .

.stack          0x2000f990     0x3000 load address 0x004176e4
                0x2000f990                . = ALIGN (0x8)
                0x2000f990                _sstack = .
                0x20012990                . = (. + __stack_size__)
 *fill*         0x2000f990     0x3000 
                0x20012990                . = ALIGN (0x8)
                0x20012990                _estack = .
                0x20012990                . = ALIGN (0x4)
                0x20012990                _end = .
OUTPUT(example_uart.elf elf32-littlearm)

.ARM.attributes
                0x00000000       0x2a
 .ARM.attributes
                0x00000000       0x1e f:/atmel/studio/7.0/toolchain/arm/arm-gnu-toolchain/bin/../lib/gcc/arm-none-eabi/6.3.1/thumb/v7e-m/crti.o
 .ARM.attributes
                0x0000001e       0x2e f:/atmel/studio/7.0/toolchain/arm/arm-gnu-toolchain/bin/../lib/gcc/arm-none-eabi/6.3.1/thumb/v7e-m/crtbegin.o
 .ARM.attributes
                0x0000004c       0x2f src/ASF/sam/drivers/pio/pio_handler.o
 .ARM.attributes
                0x0000007b       0x2f src/ASF/sam/drivers/pwm/pwm.o
 .ARM.attributes
                0x000000aa       0x2f src/ASF/sam/drivers/tc/tc.o
 .ARM.attributes
                0x000000d9       0x2f src/ASF/sam/drivers/twi/twi.o
 .ARM.attributes
                0x00000108       0x2f src/ASF/sam/drivers/usart/usart.o
 .ARM.attributes
                0x00000137       0x2f src/ASF/sam/drivers/wdt/wdt.o
 .ARM.attributes
                0x00000166       0x2f src/camera.o
 .ARM.attributes
                0x00000195       0x2f src/servo.o
 .ARM.attributes
                0x000001c4       0x2f src/ov2640.o
 .ARM.attributes
                0x000001f3       0x2f src/ov2640_table_registers.o
 .ARM.attributes
                0x00000222       0x2f src/timer_interface.o
 .ARM.attributes
                0x00000251       0x2f src/wifi.o
 .ARM.attributes
                0x00000280       0x2f src/ASF/common/services/delay/sam/cycle_counter.o
 .ARM.attributes
                0x000002af       0x2f src/ASF/common/services/clock/sam4s/sysclk.o
 .ARM.attributes
                0x000002de       0x2f src/ASF/sam/drivers/pio/pio.o
 .ARM.attributes
                0x0000030d       0x2f src/ASF/sam/drivers/pmc/pmc.o
 .ARM.attributes
                0x0000033c       0x2f src/ASF/common/boards/user_board/init.o
 .ARM.attributes
                0x0000036b       0x2f src/ASF/sam/utils/cmsis/sam4s/source/templates/gcc/startup_sam4s.o
 .ARM.attributes
                0x0000039a       0x2f src/ASF/sam/utils/cmsis/sam4s/source/templates/system_sam4s.o
 .ARM.attributes
                0x000003c9       0x2f src/ASF/sam/utils/syscalls/gcc/syscalls.o
 .ARM.attributes
                0x000003f8       0x2f src/main.o
 .ARM.attributes
                0x00000427       0x2e f:/atmel/studio/7.0/toolchain/arm/arm-gnu-toolchain/bin/../lib/gcc/arm-none-eabi/6.3.1/../../../../arm-none-eabi/lib/thumb/v7e-m\libc.a(lib_a-atoi.o)
 .ARM.attributes
                0x00000455       0x2e f:/atmel/studio/7.0/toolchain/arm/arm-gnu-toolchain/bin/../lib/gcc/arm-none-eabi/6.3.1/../../../../arm-none-eabi/lib/thumb/v7e-m\libc.a(lib_a-impure.o)
 .ARM.attributes
                0x00000483       0x2e f:/atmel/studio/7.0/toolchain/arm/arm-gnu-toolchain/bin/../lib/gcc/arm-none-eabi/6.3.1/../../../../arm-none-eabi/lib/thumb/v7e-m\libc.a(lib_a-init.o)
 .ARM.attributes
                0x000004b1       0x1c f:/atmel/studio/7.0/toolchain/arm/arm-gnu-toolchain/bin/../lib/gcc/arm-none-eabi/6.3.1/../../../../arm-none-eabi/lib/thumb/v7e-m\libc.a(lib_a-memcpy.o)
 .ARM.attributes
                0x000004cd       0x2e f:/atmel/studio/7.0/toolchain/arm/arm-gnu-toolchain/bin/../lib/gcc/arm-none-eabi/6.3.1/../../../../arm-none-eabi/lib/thumb/v7e-m\libc.a(lib_a-memset.o)
 .ARM.attributes
                0x000004fb       0x2e f:/atmel/studio/7.0/toolchain/arm/arm-gnu-toolchain/bin/../lib/gcc/arm-none-eabi/6.3.1/../../../../arm-none-eabi/lib/thumb/v7e-m\libc.a(lib_a-sprintf.o)
 .ARM.attributes
                0x00000529       0x2e f:/atmel/studio/7.0/toolchain/arm/arm-gnu-toolchain/bin/../lib/gcc/arm-none-eabi/6.3.1/../../../../arm-none-eabi/lib/thumb/v7e-m\libc.a(lib_a-strchr.o)
 .ARM.attributes
                0x00000557       0x2e f:/atmel/studio/7.0/toolchain/arm/arm-gnu-toolchain/bin/../lib/gcc/arm-none-eabi/6.3.1/../../../../arm-none-eabi/lib/thumb/v7e-m\libc.a(lib_a-strstr.o)
 .ARM.attributes
                0x00000585       0x2e f:/atmel/studio/7.0/toolchain/arm/arm-gnu-toolchain/bin/../lib/gcc/arm-none-eabi/6.3.1/../../../../arm-none-eabi/lib/thumb/v7e-m\libc.a(lib_a-strtol.o)
 .ARM.attributes
                0x000005b3       0x2e f:/atmel/studio/7.0/toolchain/arm/arm-gnu-toolchain/bin/../lib/gcc/arm-none-eabi/6.3.1/../../../../arm-none-eabi/lib/thumb/v7e-m\libc.a(lib_a-svfprintf.o)
 .ARM.attributes
                0x000005e1       0x2e f:/atmel/studio/7.0/toolchain/arm/arm-gnu-toolchain/bin/../lib/gcc/arm-none-eabi/6.3.1/../../../../arm-none-eabi/lib/thumb/v7e-m\libc.a(lib_a-__call_atexit.o)
 .ARM.attributes
                0x0000060f       0x2e f:/atmel/studio/7.0/toolchain/arm/arm-gnu-toolchain/bin/../lib/gcc/arm-none-eabi/6.3.1/../../../../arm-none-eabi/lib/thumb/v7e-m\libc.a(lib_a-atexit.o)
 .ARM.attributes
                0x0000063d       0x2e f:/atmel/studio/7.0/toolchain/arm/arm-gnu-toolchain/bin/../lib/gcc/arm-none-eabi/6.3.1/../../../../arm-none-eabi/lib/thumb/v7e-m\libc.a(lib_a-dtoa.o)
 .ARM.attributes
                0x0000066b       0x2e f:/atmel/studio/7.0/toolchain/arm/arm-gnu-toolchain/bin/../lib/gcc/arm-none-eabi/6.3.1/../../../../arm-none-eabi/lib/thumb/v7e-m\libc.a(lib_a-fini.o)
 .ARM.attributes
                0x00000699       0x2e f:/atmel/studio/7.0/toolchain/arm/arm-gnu-toolchain/bin/../lib/gcc/arm-none-eabi/6.3.1/../../../../arm-none-eabi/lib/thumb/v7e-m\libc.a(lib_a-locale.o)
 .ARM.attributes
                0x000006c7       0x2e f:/atmel/studio/7.0/toolchain/arm/arm-gnu-toolchain/bin/../lib/gcc/arm-none-eabi/6.3.1/../../../../arm-none-eabi/lib/thumb/v7e-m\libc.a(lib_a-localeconv.o)
 .ARM.attributes
                0x000006f5       0x2e f:/atmel/studio/7.0/toolchain/arm/arm-gnu-toolchain/bin/../lib/gcc/arm-none-eabi/6.3.1/../../../../arm-none-eabi/lib/thumb/v7e-m\libc.a(lib_a-lock.o)
 .ARM.attributes
                0x00000723       0x2e f:/atmel/studio/7.0/toolchain/arm/arm-gnu-toolchain/bin/../lib/gcc/arm-none-eabi/6.3.1/../../../../arm-none-eabi/lib/thumb/v7e-m\libc.a(lib_a-mallocr.o)
 .ARM.attributes
                0x00000751       0x2e f:/atmel/studio/7.0/toolchain/arm/arm-gnu-toolchain/bin/../lib/gcc/arm-none-eabi/6.3.1/../../../../arm-none-eabi/lib/thumb/v7e-m\libc.a(lib_a-mbtowc_r.o)
 .ARM.attributes
                0x0000077f       0x1c f:/atmel/studio/7.0/toolchain/arm/arm-gnu-toolchain/bin/../lib/gcc/arm-none-eabi/6.3.1/../../../../arm-none-eabi/lib/thumb/v7e-m\libc.a(lib_a-memchr.o)
 .ARM.attributes
                0x0000079b       0x2e f:/atmel/studio/7.0/toolchain/arm/arm-gnu-toolchain/bin/../lib/gcc/arm-none-eabi/6.3.1/../../../../arm-none-eabi/lib/thumb/v7e-m\libc.a(lib_a-memcmp.o)
 .ARM.attributes
                0x000007c9       0x2e f:/atmel/studio/7.0/toolchain/arm/arm-gnu-toolchain/bin/../lib/gcc/arm-none-eabi/6.3.1/../../../../arm-none-eabi/lib/thumb/v7e-m\libc.a(lib_a-mlock.o)
 .ARM.attributes
                0x000007f7       0x2e f:/atmel/studio/7.0/toolchain/arm/arm-gnu-toolchain/bin/../lib/gcc/arm-none-eabi/6.3.1/../../../../arm-none-eabi/lib/thumb/v7e-m\libc.a(lib_a-mprec.o)
 .ARM.attributes
                0x00000825       0x2e f:/atmel/studio/7.0/toolchain/arm/arm-gnu-toolchain/bin/../lib/gcc/arm-none-eabi/6.3.1/../../../../arm-none-eabi/lib/thumb/v7e-m\libc.a(lib_a-sbrkr.o)
 .ARM.attributes
                0x00000853       0x1c f:/atmel/studio/7.0/toolchain/arm/arm-gnu-toolchain/bin/../lib/gcc/arm-none-eabi/6.3.1/../../../../arm-none-eabi/lib/thumb/v7e-m\libc.a(lib_a-strlen.o)
 .ARM.attributes
                0x0000086f       0x2e f:/atmel/studio/7.0/toolchain/arm/arm-gnu-toolchain/bin/../lib/gcc/arm-none-eabi/6.3.1/../../../../arm-none-eabi/lib/thumb/v7e-m\libc.a(lib_a-svfiprintf.o)
 .ARM.attributes
                0x0000089d       0x2e f:/atmel/studio/7.0/toolchain/arm/arm-gnu-toolchain/bin/../lib/gcc/arm-none-eabi/6.3.1/../../../../arm-none-eabi/lib/thumb/v7e-m\libc.a(lib_a-wctomb_r.o)
 .ARM.attributes
                0x000008cb       0x2e f:/atmel/studio/7.0/toolchain/arm/arm-gnu-toolchain/bin/../lib/gcc/arm-none-eabi/6.3.1/../../../../arm-none-eabi/lib/thumb/v7e-m\libc.a(lib_a-__atexit.o)
 .ARM.attributes
                0x000008f9       0x2e f:/atmel/studio/7.0/toolchain/arm/arm-gnu-toolchain/bin/../lib/gcc/arm-none-eabi/6.3.1/../../../../arm-none-eabi/lib/thumb/v7e-m\libc.a(lib_a-callocr.o)
 .ARM.attributes
                0x00000927       0x2e f:/atmel/studio/7.0/toolchain/arm/arm-gnu-toolchain/bin/../lib/gcc/arm-none-eabi/6.3.1/../../../../arm-none-eabi/lib/thumb/v7e-m\libc.a(lib_a-ctype_.o)
 .ARM.attributes
                0x00000955       0x2e f:/atmel/studio/7.0/toolchain/arm/arm-gnu-toolchain/bin/../lib/gcc/arm-none-eabi/6.3.1/../../../../arm-none-eabi/lib/thumb/v7e-m\libc.a(lib_a-freer.o)
 .ARM.attributes
                0x00000983       0x2e f:/atmel/studio/7.0/toolchain/arm/arm-gnu-toolchain/bin/../lib/gcc/arm-none-eabi/6.3.1/../../../../arm-none-eabi/lib/thumb/v7e-m\libc.a(lib_a-memmove.o)
 .ARM.attributes
                0x000009b1       0x2e f:/atmel/studio/7.0/toolchain/arm/arm-gnu-toolchain/bin/../lib/gcc/arm-none-eabi/6.3.1/../../../../arm-none-eabi/lib/thumb/v7e-m\libc.a(lib_a-reallocr.o)
 .ARM.attributes
                0x000009df       0x2e f:/atmel/studio/7.0/toolchain/arm/arm-gnu-toolchain/bin/../lib/gcc/arm-none-eabi/6.3.1/../../../../arm-none-eabi/lib/thumb/v7e-m\libc.a(lib_a-reent.o)
 .ARM.attributes
                0x00000a0d       0x1e f:/atmel/studio/7.0/toolchain/arm/arm-gnu-toolchain/bin/../lib/gcc/arm-none-eabi/6.3.1/thumb/v7e-m\libgcc.a(_arm_addsubdf3.o)
 .ARM.attributes
                0x00000a2b       0x1e f:/atmel/studio/7.0/toolchain/arm/arm-gnu-toolchain/bin/../lib/gcc/arm-none-eabi/6.3.1/thumb/v7e-m\libgcc.a(_arm_muldivdf3.o)
 .ARM.attributes
                0x00000a49       0x1e f:/atmel/studio/7.0/toolchain/arm/arm-gnu-toolchain/bin/../lib/gcc/arm-none-eabi/6.3.1/thumb/v7e-m\libgcc.a(_arm_cmpdf2.o)
 .ARM.attributes
                0x00000a67       0x1e f:/atmel/studio/7.0/toolchain/arm/arm-gnu-toolchain/bin/../lib/gcc/arm-none-eabi/6.3.1/thumb/v7e-m\libgcc.a(_arm_unorddf2.o)
 .ARM.attributes
                0x00000a85       0x1e f:/atmel/studio/7.0/toolchain/arm/arm-gnu-toolchain/bin/../lib/gcc/arm-none-eabi/6.3.1/thumb/v7e-m\libgcc.a(_arm_fixdfsi.o)
 .ARM.attributes
                0x00000aa3       0x1e f:/atmel/studio/7.0/toolchain/arm/arm-gnu-toolchain/bin/../lib/gcc/arm-none-eabi/6.3.1/thumb/v7e-m\libgcc.a(_aeabi_uldivmod.o)
 .ARM.attributes
                0x00000ac1       0x2e f:/atmel/studio/7.0/toolchain/arm/arm-gnu-toolchain/bin/../lib/gcc/arm-none-eabi/6.3.1/thumb/v7e-m\libgcc.a(_udivmoddi4.o)
 .ARM.attributes
                0x00000aef       0x1e f:/atmel/studio/7.0/toolchain/arm/arm-gnu-toolchain/bin/../lib/gcc/arm-none-eabi/6.3.1/thumb/v7e-m\libgcc.a(_dvmd_tls.o)
 .ARM.attributes
                0x00000b0d       0x1e f:/atmel/studio/7.0/toolchain/arm/arm-gnu-toolchain/bin/../lib/gcc/arm-none-eabi/6.3.1/thumb/v7e-m/crtn.o

.comment        0x00000000       0x59
 .comment       0x00000000       0x59 src/ASF/sam/drivers/pio/pio_handler.o
                                 0x5a (size before relaxing)
 .comment       0x00000059       0x5a src/ASF/sam/drivers/pwm/pwm.o
 .comment       0x00000059       0x5a src/ASF/sam/drivers/tc/tc.o
 .comment       0x00000059       0x5a src/ASF/sam/drivers/twi/twi.o
 .comment       0x00000059       0x5a src/ASF/sam/drivers/usart/usart.o
 .comment       0x00000059       0x5a src/ASF/sam/drivers/wdt/wdt.o
 .comment       0x00000059       0x5a src/camera.o
 .comment       0x00000059       0x5a src/servo.o
 .comment       0x00000059       0x5a src/ov2640.o
 .comment       0x00000059       0x5a src/ov2640_table_registers.o
 .comment       0x00000059       0x5a src/timer_interface.o
 .comment       0x00000059       0x5a src/wifi.o
 .comment       0x00000059       0x5a src/ASF/common/services/delay/sam/cycle_counter.o
 .comment       0x00000059       0x5a src/ASF/common/services/clock/sam4s/sysclk.o
 .comment       0x00000059       0x5a src/ASF/sam/drivers/pio/pio.o
 .comment       0x00000059       0x5a src/ASF/sam/drivers/pmc/pmc.o
 .comment       0x00000059       0x5a src/ASF/common/boards/user_board/init.o
 .comment       0x00000059       0x5a src/ASF/sam/utils/cmsis/sam4s/source/templates/gcc/startup_sam4s.o
 .comment       0x00000059       0x5a src/ASF/sam/utils/cmsis/sam4s/source/templates/system_sam4s.o
 .comment       0x00000059       0x5a src/ASF/sam/utils/syscalls/gcc/syscalls.o
 .comment       0x00000059       0x5a src/main.o

.debug_info     0x00000000    0x1d3c8
 .debug_info    0x00000000     0x1ab6 src/ASF/sam/drivers/pio/pio_handler.o
 .debug_info    0x00001ab6     0x1ece src/ASF/sam/drivers/pwm/pwm.o
 .debug_info    0x00003984     0x123c src/ASF/sam/drivers/tc/tc.o
 .debug_info    0x00004bc0     0x1688 src/ASF/sam/drivers/twi/twi.o
 .debug_info    0x00006248     0x2b0d src/ASF/sam/drivers/usart/usart.o
 .debug_info    0x00008d55      0xbe5 src/ASF/sam/drivers/wdt/wdt.o
 .debug_info    0x0000993a     0x2084 src/camera.o
 .debug_info    0x0000b9be     0x1463 src/servo.o
 .debug_info    0x0000ce21     0x20b7 src/ov2640.o
 .debug_info    0x0000eed8      0xcd7 src/ov2640_table_registers.o
 .debug_info    0x0000fbaf     0x10e5 src/timer_interface.o
 .debug_info    0x00010c94     0x2206 src/wifi.o
 .debug_info    0x00012e9a      0xa45 src/ASF/common/services/delay/sam/cycle_counter.o
 .debug_info    0x000138df     0x111f src/ASF/common/services/clock/sam4s/sysclk.o
 .debug_info    0x000149fe     0x24ad src/ASF/sam/drivers/pio/pio.o
 .debug_info    0x00016eab     0x1a1f src/ASF/sam/drivers/pmc/pmc.o
 .debug_info    0x000188ca     0x1743 src/ASF/common/boards/user_board/init.o
 .debug_info    0x0001a00d      0x719 src/ASF/sam/utils/cmsis/sam4s/source/templates/gcc/startup_sam4s.o
 .debug_info    0x0001a726      0x458 src/ASF/sam/utils/cmsis/sam4s/source/templates/system_sam4s.o
 .debug_info    0x0001ab7e      0xdb0 src/ASF/sam/utils/syscalls/gcc/syscalls.o
 .debug_info    0x0001b92e     0x1a9a src/main.o

.debug_abbrev   0x00000000     0x3ff1
 .debug_abbrev  0x00000000      0x413 src/ASF/sam/drivers/pio/pio_handler.o
 .debug_abbrev  0x00000413      0x3c3 src/ASF/sam/drivers/pwm/pwm.o
 .debug_abbrev  0x000007d6      0x2a0 src/ASF/sam/drivers/tc/tc.o
 .debug_abbrev  0x00000a76      0x436 src/ASF/sam/drivers/twi/twi.o
 .debug_abbrev  0x00000eac      0x40e src/ASF/sam/drivers/usart/usart.o
 .debug_abbrev  0x000012ba      0x230 src/ASF/sam/drivers/wdt/wdt.o
 .debug_abbrev  0x000014ea      0x3e7 src/camera.o
 .debug_abbrev  0x000018d1      0x2b8 src/servo.o
 .debug_abbrev  0x00001b89      0x482 src/ov2640.o
 .debug_abbrev  0x0000200b      0x1b9 src/ov2640_table_registers.o
 .debug_abbrev  0x000021c4      0x2bd src/timer_interface.o
 .debug_abbrev  0x00002481      0x412 src/wifi.o
 .debug_abbrev  0x00002893      0x1b3 src/ASF/common/services/delay/sam/cycle_counter.o
 .debug_abbrev  0x00002a46      0x32d src/ASF/common/services/clock/sam4s/sysclk.o
 .debug_abbrev  0x00002d73      0x3f4 src/ASF/sam/drivers/pio/pio.o
 .debug_abbrev  0x00003167      0x324 src/ASF/sam/drivers/pmc/pmc.o
 .debug_abbrev  0x0000348b      0x338 src/ASF/common/boards/user_board/init.o
 .debug_abbrev  0x000037c3      0x1b0 src/ASF/sam/utils/cmsis/sam4s/source/templates/gcc/startup_sam4s.o
 .debug_abbrev  0x00003973      0x102 src/ASF/sam/utils/cmsis/sam4s/source/templates/system_sam4s.o
 .debug_abbrev  0x00003a75      0x264 src/ASF/sam/utils/syscalls/gcc/syscalls.o
 .debug_abbrev  0x00003cd9      0x318 src/main.o

.debug_loc      0x00000000     0x93d5
 .debug_loc     0x00000000      0x82f src/ASF/sam/drivers/pio/pio_handler.o
 .debug_loc     0x0000082f     0x15c4 src/ASF/sam/drivers/pwm/pwm.o
 .debug_loc     0x00001df3      0x660 src/ASF/sam/drivers/tc/tc.o
 .debug_loc     0x00002453     0x1944 src/ASF/sam/drivers/twi/twi.o
 .debug_loc     0x00003d97     0x1b99 src/ASF/sam/drivers/usart/usart.o
 .debug_loc     0x00005930      0x12c src/ASF/sam/drivers/wdt/wdt.o
 .debug_loc     0x00005a5c      0x30f src/camera.o
 .debug_loc     0x00005d6b       0xcc src/servo.o
 .debug_loc     0x00005e37      0xdbe src/ov2640.o
 .debug_loc     0x00006bf5       0x6c src/timer_interface.o
 .debug_loc     0x00006c61      0x428 src/wifi.o
 .debug_loc     0x00007089      0x1af src/ASF/common/services/clock/sam4s/sysclk.o
 .debug_loc     0x00007238     0x14df src/ASF/sam/drivers/pio/pio.o
 .debug_loc     0x00008717      0x939 src/ASF/sam/drivers/pmc/pmc.o
 .debug_loc     0x00009050      0x1e8 src/ASF/common/boards/user_board/init.o
 .debug_loc     0x00009238       0x5e src/ASF/sam/utils/cmsis/sam4s/source/templates/gcc/startup_sam4s.o
 .debug_loc     0x00009296       0xe8 src/ASF/sam/utils/syscalls/gcc/syscalls.o
 .debug_loc     0x0000937e       0x57 src/main.o

.debug_aranges  0x00000000      0xbe0
 .debug_aranges
                0x00000000       0x50 src/ASF/sam/drivers/pio/pio_handler.o
 .debug_aranges
                0x00000050      0x138 src/ASF/sam/drivers/pwm/pwm.o
 .debug_aranges
                0x00000188       0xd0 src/ASF/sam/drivers/tc/tc.o
 .debug_aranges
                0x00000258       0xc8 src/ASF/sam/drivers/twi/twi.o
 .debug_aranges
                0x00000320      0x200 src/ASF/sam/drivers/usart/usart.o
 .debug_aranges
                0x00000520       0x48 src/ASF/sam/drivers/wdt/wdt.o
 .debug_aranges
                0x00000568       0x50 src/camera.o
 .debug_aranges
                0x000005b8       0x28 src/servo.o
 .debug_aranges
                0x000005e0       0x78 src/ov2640.o
 .debug_aranges
                0x00000658       0x18 src/ov2640_table_registers.o
 .debug_aranges
                0x00000670       0x28 src/timer_interface.o
 .debug_aranges
                0x00000698       0x68 src/wifi.o
 .debug_aranges
                0x00000700       0x20 src/ASF/common/services/delay/sam/cycle_counter.o
 .debug_aranges
                0x00000720       0x30 src/ASF/common/services/clock/sam4s/sysclk.o
 .debug_aranges
                0x00000750      0x190 src/ASF/sam/drivers/pio/pio.o
 .debug_aranges
                0x000008e0      0x208 src/ASF/sam/drivers/pmc/pmc.o
 .debug_aranges
                0x00000ae8       0x20 src/ASF/common/boards/user_board/init.o
 .debug_aranges
                0x00000b08       0x28 src/ASF/sam/utils/cmsis/sam4s/source/templates/gcc/startup_sam4s.o
 .debug_aranges
                0x00000b30       0x30 src/ASF/sam/utils/cmsis/sam4s/source/templates/system_sam4s.o
 .debug_aranges
                0x00000b60       0x60 src/ASF/sam/utils/syscalls/gcc/syscalls.o
 .debug_aranges
                0x00000bc0       0x20 src/main.o

.debug_ranges   0x00000000     0x1ea0
 .debug_ranges  0x00000000       0xf0 src/ASF/sam/drivers/pio/pio_handler.o
 .debug_ranges  0x000000f0      0x1d8 src/ASF/sam/drivers/pwm/pwm.o
 .debug_ranges  0x000002c8       0xc0 src/ASF/sam/drivers/tc/tc.o
 .debug_ranges  0x00000388      0x258 src/ASF/sam/drivers/twi/twi.o
 .debug_ranges  0x000005e0      0xa98 src/ASF/sam/drivers/usart/usart.o
 .debug_ranges  0x00001078       0x38 src/ASF/sam/drivers/wdt/wdt.o
 .debug_ranges  0x000010b0      0x120 src/camera.o
 .debug_ranges  0x000011d0       0x18 src/servo.o
 .debug_ranges  0x000011e8      0x2d8 src/ov2640.o
 .debug_ranges  0x000014c0       0x38 src/timer_interface.o
 .debug_ranges  0x000014f8      0x138 src/wifi.o
 .debug_ranges  0x00001630       0x10 src/ASF/common/services/delay/sam/cycle_counter.o
 .debug_ranges  0x00001640       0x20 src/ASF/common/services/clock/sam4s/sysclk.o
 .debug_ranges  0x00001660      0x488 src/ASF/sam/drivers/pio/pio.o
 .debug_ranges  0x00001ae8      0x238 src/ASF/sam/drivers/pmc/pmc.o
 .debug_ranges  0x00001d20       0xd0 src/ASF/common/boards/user_board/init.o
 .debug_ranges  0x00001df0       0x18 src/ASF/sam/utils/cmsis/sam4s/source/templates/gcc/startup_sam4s.o
 .debug_ranges  0x00001e08       0x20 src/ASF/sam/utils/cmsis/sam4s/source/templates/system_sam4s.o
 .debug_ranges  0x00001e28       0x50 src/ASF/sam/utils/syscalls/gcc/syscalls.o
 .debug_ranges  0x00001e78       0x28 src/main.o

.debug_macro    0x00000000     0x8de1
 .debug_macro   0x00000000      0x4fd src/ASF/sam/drivers/pio/pio_handler.o
 .debug_macro   0x000004fd       0x8e src/ASF/sam/drivers/pio/pio_handler.o
 .debug_macro   0x0000058b      0x4fa src/ASF/sam/drivers/pwm/pwm.o
 .debug_macro   0x00000a85      0x4f4 src/ASF/sam/drivers/tc/tc.o
 .debug_macro   0x00000f79       0x52 src/ASF/sam/drivers/tc/tc.o
 .debug_macro   0x00000fcb       0x8d src/ASF/sam/drivers/tc/tc.o
 .debug_macro   0x00001058       0x16 src/ASF/sam/drivers/tc/tc.o
 .debug_macro   0x0000106e       0x57 src/ASF/sam/drivers/tc/tc.o
 .debug_macro   0x000010c5       0x1c src/ASF/sam/drivers/tc/tc.o
 .debug_macro   0x000010e1      0x517 src/ASF/sam/drivers/twi/twi.o
 .debug_macro   0x000015f8       0x46 src/ASF/sam/drivers/twi/twi.o
 .debug_macro   0x0000163e      0x523 src/ASF/sam/drivers/usart/usart.o
 .debug_macro   0x00001b61       0x28 src/ASF/sam/drivers/usart/usart.o
 .debug_macro   0x00001b89      0x500 src/ASF/sam/drivers/wdt/wdt.o
 .debug_macro   0x00002089      0x6c3 src/camera.o
 .debug_macro   0x0000274c       0xca src/camera.o
 .debug_macro   0x00002816       0x28 src/camera.o
 .debug_macro   0x0000283e      0x2c6 src/camera.o
 .debug_macro   0x00002b04       0x58 src/camera.o
 .debug_macro   0x00002b5c       0x64 src/camera.o
 .debug_macro   0x00002bc0       0x46 src/camera.o
 .debug_macro   0x00002c06       0x90 src/camera.o
 .debug_macro   0x00002c96       0x28 src/camera.o
 .debug_macro   0x00002cbe       0x23 src/camera.o
 .debug_macro   0x00002ce1       0x94 src/camera.o
 .debug_macro   0x00002d75       0x40 src/camera.o
 .debug_macro   0x00002db5       0x88 src/camera.o
 .debug_macro   0x00002e3d       0x34 src/camera.o
 .debug_macro   0x00002e71       0x10 src/camera.o
 .debug_macro   0x00002e81       0x1c src/camera.o
 .debug_macro   0x00002e9d       0x2e src/camera.o
 .debug_macro   0x00002ecb       0x4c src/camera.o
 .debug_macro   0x00002f17       0x10 src/camera.o
 .debug_macro   0x00002f27       0x16 src/camera.o
 .debug_macro   0x00002f3d       0x10 src/camera.o
 .debug_macro   0x00002f4d       0x16 src/camera.o
 .debug_macro   0x00002f63      0x1a2 src/camera.o
 .debug_macro   0x00003105      0x402 src/camera.o
 .debug_macro   0x00003507      0x6af src/servo.o
 .debug_macro   0x00003bb6       0x2e src/servo.o
 .debug_macro   0x00003be4      0x6b2 src/ov2640.o
 .debug_macro   0x00004296      0x3fc src/ov2640.o
 .debug_macro   0x00004692      0x68b src/ov2640_table_registers.o
 .debug_macro   0x00004d1d      0x2c0 src/ov2640_table_registers.o
 .debug_macro   0x00004fdd      0x6a9 src/timer_interface.o
 .debug_macro   0x00005686      0x6c7 src/wifi.o
 .debug_macro   0x00005d4d       0xc4 src/wifi.o
 .debug_macro   0x00005e11       0x10 src/wifi.o
 .debug_macro   0x00005e21      0x1a8 src/wifi.o
 .debug_macro   0x00005fc9      0x4ed src/ASF/common/services/delay/sam/cycle_counter.o
 .debug_macro   0x000064b6       0x22 src/ASF/common/services/delay/sam/cycle_counter.o
 .debug_macro   0x000064d8      0x558 src/ASF/common/services/clock/sam4s/sysclk.o
 .debug_macro   0x00006a30      0x4f3 src/ASF/sam/drivers/pio/pio.o
 .debug_macro   0x00006f23      0x4f3 src/ASF/sam/drivers/pmc/pmc.o
 .debug_macro   0x00007416       0x52 src/ASF/sam/drivers/pmc/pmc.o
 .debug_macro   0x00007468      0x6b9 src/ASF/common/boards/user_board/init.o
 .debug_macro   0x00007b21      0x2df src/ASF/sam/utils/cmsis/sam4s/source/templates/gcc/startup_sam4s.o
 .debug_macro   0x00007e00      0x2e7 src/ASF/sam/utils/cmsis/sam4s/source/templates/system_sam4s.o
 .debug_macro   0x000080e7      0x1d6 src/ASF/sam/utils/syscalls/gcc/syscalls.o
 .debug_macro   0x000082bd       0x97 src/ASF/sam/utils/syscalls/gcc/syscalls.o
 .debug_macro   0x00008354       0xf6 src/ASF/sam/utils/syscalls/gcc/syscalls.o
 .debug_macro   0x0000844a       0x4c src/ASF/sam/utils/syscalls/gcc/syscalls.o
 .debug_macro   0x00008496       0x16 src/ASF/sam/utils/syscalls/gcc/syscalls.o
 .debug_macro   0x000084ac       0x10 src/ASF/sam/utils/syscalls/gcc/syscalls.o
 .debug_macro   0x000084bc       0x10 src/ASF/sam/utils/syscalls/gcc/syscalls.o
 .debug_macro   0x000084cc       0x35 src/ASF/sam/utils/syscalls/gcc/syscalls.o
 .debug_macro   0x00008501      0x122 src/ASF/sam/utils/syscalls/gcc/syscalls.o
 .debug_macro   0x00008623      0x6cc src/main.o
 .debug_macro   0x00008cef       0xbe src/main.o
 .debug_macro   0x00008dad       0x34 src/main.o

.debug_line     0x00000000    0x115cd
 .debug_line    0x00000000      0xb6c src/ASF/sam/drivers/pio/pio_handler.o
 .debug_line    0x00000b6c      0xd96 src/ASF/sam/drivers/pwm/pwm.o
 .debug_line    0x00001902      0xb8a src/ASF/sam/drivers/tc/tc.o
 .debug_line    0x0000248c      0xdfa src/ASF/sam/drivers/twi/twi.o
 .debug_line    0x00003286     0x12c5 src/ASF/sam/drivers/usart/usart.o
 .debug_line    0x0000454b      0xa2b src/ASF/sam/drivers/wdt/wdt.o
 .debug_line    0x00004f76     0x105a src/camera.o
 .debug_line    0x00005fd0      0xf0f src/servo.o
 .debug_line    0x00006edf     0x11e7 src/ov2640.o
 .debug_line    0x000080c6      0xea5 src/ov2640_table_registers.o
 .debug_line    0x00008f6b      0xf22 src/timer_interface.o
 .debug_line    0x00009e8d     0x10c8 src/wifi.o
 .debug_line    0x0000af55      0x9de src/ASF/common/services/delay/sam/cycle_counter.o
 .debug_line    0x0000b933      0xb39 src/ASF/common/services/clock/sam4s/sysclk.o
 .debug_line    0x0000c46c      0xfaa src/ASF/sam/drivers/pio/pio.o
 .debug_line    0x0000d416      0xfcf src/ASF/sam/drivers/pmc/pmc.o
 .debug_line    0x0000e3e5      0xf46 src/ASF/common/boards/user_board/init.o
 .debug_line    0x0000f32b      0x7b6 src/ASF/sam/utils/cmsis/sam4s/source/templates/gcc/startup_sam4s.o
 .debug_line    0x0000fae1      0x7e1 src/ASF/sam/utils/cmsis/sam4s/source/templates/system_sam4s.o
 .debug_line    0x000102c2      0x3bc src/ASF/sam/utils/syscalls/gcc/syscalls.o
 .debug_line    0x0001067e      0xf4f src/main.o

.debug_str      0x00000000    0x4fd72
 .debug_str     0x00000000    0x479eb src/ASF/sam/drivers/pio/pio_handler.o
                              0x47e71 (size before relaxing)
 .debug_str     0x000479eb      0xb81 src/ASF/sam/drivers/pwm/pwm.o
                              0x47f5c (size before relaxing)
 .debug_str     0x0004856c      0x367 src/ASF/sam/drivers/tc/tc.o
                              0x476cc (size before relaxing)
 .debug_str     0x000488d3      0x51e src/ASF/sam/drivers/twi/twi.o
                              0x478ac (size before relaxing)
 .debug_str     0x00048df1      0x958 src/ASF/sam/drivers/usart/usart.o
                              0x47d66 (size before relaxing)
 .debug_str     0x00049749      0x12a src/ASF/sam/drivers/wdt/wdt.o
                              0x47468 (size before relaxing)
 .debug_str     0x00049873     0x40a1 src/camera.o
                              0x4c113 (size before relaxing)
 .debug_str     0x0004d914      0x1a8 src/servo.o
                              0x49f57 (size before relaxing)
 .debug_str     0x0004dabc      0x1bb src/ov2640.o
                              0x4b6b0 (size before relaxing)
 .debug_str     0x0004dc77       0x20 src/ov2640_table_registers.o
                              0x4ae6d (size before relaxing)
 .debug_str     0x0004dc97       0x3a src/timer_interface.o
                              0x49c26 (size before relaxing)
 .debug_str     0x0004dcd1      0x6a5 src/wifi.o
                              0x4b1f7 (size before relaxing)
 .debug_str     0x0004e376       0x35 src/ASF/common/services/delay/sam/cycle_counter.o
                              0x474e1 (size before relaxing)
 .debug_str     0x0004e3ab      0x1e6 src/ASF/common/services/clock/sam4s/sysclk.o
                              0x48bcd (size before relaxing)
 .debug_str     0x0004e591      0x409 src/ASF/sam/drivers/pio/pio.o
                              0x47f81 (size before relaxing)
 .debug_str     0x0004e99a      0x61f src/ASF/sam/drivers/pmc/pmc.o
                              0x47ddf (size before relaxing)
 .debug_str     0x0004efb9      0x150 src/ASF/common/boards/user_board/init.o
                              0x4a464 (size before relaxing)
 .debug_str     0x0004f109      0x428 src/ASF/sam/utils/cmsis/sam4s/source/templates/gcc/startup_sam4s.o
                              0x37eff (size before relaxing)
 .debug_str     0x0004f531       0xb9 src/ASF/sam/utils/cmsis/sam4s/source/templates/system_sam4s.o
                              0x37c90 (size before relaxing)
 .debug_str     0x0004f5ea      0x760 src/ASF/sam/utils/syscalls/gcc/syscalls.o
                               0x743d (size before relaxing)
 .debug_str     0x0004fd4a       0x28 src/main.o
                              0x4ae85 (size before relaxing)

.debug_frame    0x00000000     0x2a58
 .debug_frame   0x00000000      0x114 src/ASF/sam/drivers/pio/pio_handler.o
 .debug_frame   0x00000114      0x32c src/ASF/sam/drivers/pwm/pwm.o
 .debug_frame   0x00000440      0x1a4 src/ASF/sam/drivers/tc/tc.o
 .debug_frame   0x000005e4      0x244 src/ASF/sam/drivers/twi/twi.o
 .debug_frame   0x00000828      0x4f0 src/ASF/sam/drivers/usart/usart.o
 .debug_frame   0x00000d18       0x7c src/ASF/sam/drivers/wdt/wdt.o
 .debug_frame   0x00000d94       0xdc src/camera.o
 .debug_frame   0x00000e70       0x48 src/servo.o
 .debug_frame   0x00000eb8      0x1bc src/ov2640.o
 .debug_frame   0x00001074       0x4c src/timer_interface.o
 .debug_frame   0x000010c0      0x158 src/wifi.o
 .debug_frame   0x00001218       0x20 src/ASF/common/services/delay/sam/cycle_counter.o
 .debug_frame   0x00001238       0x84 src/ASF/common/services/clock/sam4s/sysclk.o
 .debug_frame   0x000012bc      0x3e0 src/ASF/sam/drivers/pio/pio.o
 .debug_frame   0x0000169c      0x420 src/ASF/sam/drivers/pmc/pmc.o
 .debug_frame   0x00001abc       0x3c src/ASF/common/boards/user_board/init.o
 .debug_frame   0x00001af8       0x38 src/ASF/sam/utils/cmsis/sam4s/source/templates/gcc/startup_sam4s.o
 .debug_frame   0x00001b30       0x40 src/ASF/sam/utils/cmsis/sam4s/source/templates/system_sam4s.o
 .debug_frame   0x00001b70       0xa0 src/ASF/sam/utils/syscalls/gcc/syscalls.o
 .debug_frame   0x00001c10       0x30 src/main.o
 .debug_frame   0x00001c40       0x30 f:/atmel/studio/7.0/toolchain/arm/arm-gnu-toolchain/bin/../lib/gcc/arm-none-eabi/6.3.1/../../../../arm-none-eabi/lib/thumb/v7e-m\libc.a(lib_a-atoi.o)
 .debug_frame   0x00001c70       0x2c f:/atmel/studio/7.0/toolchain/arm/arm-gnu-toolchain/bin/../lib/gcc/arm-none-eabi/6.3.1/../../../../arm-none-eabi/lib/thumb/v7e-m\libc.a(lib_a-init.o)
 .debug_frame   0x00001c9c       0x34 f:/atmel/studio/7.0/toolchain/arm/arm-gnu-toolchain/bin/../lib/gcc/arm-none-eabi/6.3.1/../../../../arm-none-eabi/lib/thumb/v7e-m\libc.a(lib_a-memset.o)
 .debug_frame   0x00001cd0       0x84 f:/atmel/studio/7.0/toolchain/arm/arm-gnu-toolchain/bin/../lib/gcc/arm-none-eabi/6.3.1/../../../../arm-none-eabi/lib/thumb/v7e-m\libc.a(lib_a-sprintf.o)
 .debug_frame   0x00001d54       0x50 f:/atmel/studio/7.0/toolchain/arm/arm-gnu-toolchain/bin/../lib/gcc/arm-none-eabi/6.3.1/../../../../arm-none-eabi/lib/thumb/v7e-m\libc.a(lib_a-strchr.o)
 .debug_frame   0x00001da4       0xd8 f:/atmel/studio/7.0/toolchain/arm/arm-gnu-toolchain/bin/../lib/gcc/arm-none-eabi/6.3.1/../../../../arm-none-eabi/lib/thumb/v7e-m\libc.a(lib_a-strstr.o)
 .debug_frame   0x00001e7c       0x98 f:/atmel/studio/7.0/toolchain/arm/arm-gnu-toolchain/bin/../lib/gcc/arm-none-eabi/6.3.1/../../../../arm-none-eabi/lib/thumb/v7e-m\libc.a(lib_a-strtol.o)
 .debug_frame   0x00001f14       0x40 f:/atmel/studio/7.0/toolchain/arm/arm-gnu-toolchain/bin/../lib/gcc/arm-none-eabi/6.3.1/../../../../arm-none-eabi/lib/thumb/v7e-m\libc.a(lib_a-svfprintf.o)
 .debug_frame   0x00001f54       0x5c f:/atmel/studio/7.0/toolchain/arm/arm-gnu-toolchain/bin/../lib/gcc/arm-none-eabi/6.3.1/../../../../arm-none-eabi/lib/thumb/v7e-m\libc.a(lib_a-__call_atexit.o)
 .debug_frame   0x00001fb0       0x20 f:/atmel/studio/7.0/toolchain/arm/arm-gnu-toolchain/bin/../lib/gcc/arm-none-eabi/6.3.1/../../../../arm-none-eabi/lib/thumb/v7e-m\libc.a(lib_a-atexit.o)
 .debug_frame   0x00001fd0       0x88 f:/atmel/studio/7.0/toolchain/arm/arm-gnu-toolchain/bin/../lib/gcc/arm-none-eabi/6.3.1/../../../../arm-none-eabi/lib/thumb/v7e-m\libc.a(lib_a-dtoa.o)
 .debug_frame   0x00002058       0x34 f:/atmel/studio/7.0/toolchain/arm/arm-gnu-toolchain/bin/../lib/gcc/arm-none-eabi/6.3.1/../../../../arm-none-eabi/lib/thumb/v7e-m\libc.a(lib_a-fini.o)
 .debug_frame   0x0000208c       0x6c f:/atmel/studio/7.0/toolchain/arm/arm-gnu-toolchain/bin/../lib/gcc/arm-none-eabi/6.3.1/../../../../arm-none-eabi/lib/thumb/v7e-m\libc.a(lib_a-locale.o)
 .debug_frame   0x000020f8       0x40 f:/atmel/studio/7.0/toolchain/arm/arm-gnu-toolchain/bin/../lib/gcc/arm-none-eabi/6.3.1/../../../../arm-none-eabi/lib/thumb/v7e-m\libc.a(lib_a-localeconv.o)
 .debug_frame   0x00002138       0xb0 f:/atmel/studio/7.0/toolchain/arm/arm-gnu-toolchain/bin/../lib/gcc/arm-none-eabi/6.3.1/../../../../arm-none-eabi/lib/thumb/v7e-m\libc.a(lib_a-lock.o)
 .debug_frame   0x000021e8       0x58 f:/atmel/studio/7.0/toolchain/arm/arm-gnu-toolchain/bin/../lib/gcc/arm-none-eabi/6.3.1/../../../../arm-none-eabi/lib/thumb/v7e-m\libc.a(lib_a-mallocr.o)
 .debug_frame   0x00002240       0x4c f:/atmel/studio/7.0/toolchain/arm/arm-gnu-toolchain/bin/../lib/gcc/arm-none-eabi/6.3.1/../../../../arm-none-eabi/lib/thumb/v7e-m\libc.a(lib_a-mbtowc_r.o)
 .debug_frame   0x0000228c       0x3c f:/atmel/studio/7.0/toolchain/arm/arm-gnu-toolchain/bin/../lib/gcc/arm-none-eabi/6.3.1/../../../../arm-none-eabi/lib/thumb/v7e-m\libc.a(lib_a-memcmp.o)
 .debug_frame   0x000022c8       0x30 f:/atmel/studio/7.0/toolchain/arm/arm-gnu-toolchain/bin/../lib/gcc/arm-none-eabi/6.3.1/../../../../arm-none-eabi/lib/thumb/v7e-m\libc.a(lib_a-mlock.o)
 .debug_frame   0x000022f8      0x25c f:/atmel/studio/7.0/toolchain/arm/arm-gnu-toolchain/bin/../lib/gcc/arm-none-eabi/6.3.1/../../../../arm-none-eabi/lib/thumb/v7e-m\libc.a(lib_a-mprec.o)
 .debug_frame   0x00002554       0x2c f:/atmel/studio/7.0/toolchain/arm/arm-gnu-toolchain/bin/../lib/gcc/arm-none-eabi/6.3.1/../../../../arm-none-eabi/lib/thumb/v7e-m\libc.a(lib_a-sbrkr.o)
 .debug_frame   0x00002580       0x78 f:/atmel/studio/7.0/toolchain/arm/arm-gnu-toolchain/bin/../lib/gcc/arm-none-eabi/6.3.1/../../../../arm-none-eabi/lib/thumb/v7e-m\libc.a(lib_a-svfiprintf.o)
 .debug_frame   0x000025f8       0x3c f:/atmel/studio/7.0/toolchain/arm/arm-gnu-toolchain/bin/../lib/gcc/arm-none-eabi/6.3.1/../../../../arm-none-eabi/lib/thumb/v7e-m\libc.a(lib_a-wctomb_r.o)
 .debug_frame   0x00002634       0x34 f:/atmel/studio/7.0/toolchain/arm/arm-gnu-toolchain/bin/../lib/gcc/arm-none-eabi/6.3.1/../../../../arm-none-eabi/lib/thumb/v7e-m\libc.a(lib_a-__atexit.o)
 .debug_frame   0x00002668       0x28 f:/atmel/studio/7.0/toolchain/arm/arm-gnu-toolchain/bin/../lib/gcc/arm-none-eabi/6.3.1/../../../../arm-none-eabi/lib/thumb/v7e-m\libc.a(lib_a-callocr.o)
 .debug_frame   0x00002690       0x74 f:/atmel/studio/7.0/toolchain/arm/arm-gnu-toolchain/bin/../lib/gcc/arm-none-eabi/6.3.1/../../../../arm-none-eabi/lib/thumb/v7e-m\libc.a(lib_a-freer.o)
 .debug_frame   0x00002704       0x30 f:/atmel/studio/7.0/toolchain/arm/arm-gnu-toolchain/bin/../lib/gcc/arm-none-eabi/6.3.1/../../../../arm-none-eabi/lib/thumb/v7e-m\libc.a(lib_a-memmove.o)
 .debug_frame   0x00002734       0x68 f:/atmel/studio/7.0/toolchain/arm/arm-gnu-toolchain/bin/../lib/gcc/arm-none-eabi/6.3.1/../../../../arm-none-eabi/lib/thumb/v7e-m\libc.a(lib_a-reallocr.o)
 .debug_frame   0x0000279c       0x58 f:/atmel/studio/7.0/toolchain/arm/arm-gnu-toolchain/bin/../lib/gcc/arm-none-eabi/6.3.1/../../../../arm-none-eabi/lib/thumb/v7e-m\libc.a(lib_a-reent.o)
 .debug_frame   0x000027f4       0xac f:/atmel/studio/7.0/toolchain/arm/arm-gnu-toolchain/bin/../lib/gcc/arm-none-eabi/6.3.1/thumb/v7e-m\libgcc.a(_arm_addsubdf3.o)
 .debug_frame   0x000028a0       0x50 f:/atmel/studio/7.0/toolchain/arm/arm-gnu-toolchain/bin/../lib/gcc/arm-none-eabi/6.3.1/thumb/v7e-m\libgcc.a(_arm_muldivdf3.o)
 .debug_frame   0x000028f0       0xc4 f:/atmel/studio/7.0/toolchain/arm/arm-gnu-toolchain/bin/../lib/gcc/arm-none-eabi/6.3.1/thumb/v7e-m\libgcc.a(_arm_cmpdf2.o)
 .debug_frame   0x000029b4       0x20 f:/atmel/studio/7.0/toolchain/arm/arm-gnu-toolchain/bin/../lib/gcc/arm-none-eabi/6.3.1/thumb/v7e-m\libgcc.a(_arm_unorddf2.o)
 .debug_frame   0x000029d4       0x24 f:/atmel/studio/7.0/toolchain/arm/arm-gnu-toolchain/bin/../lib/gcc/arm-none-eabi/6.3.1/thumb/v7e-m\libgcc.a(_arm_fixdfsi.o)
 .debug_frame   0x000029f8       0x2c f:/atmel/studio/7.0/toolchain/arm/arm-gnu-toolchain/bin/../lib/gcc/arm-none-eabi/6.3.1/thumb/v7e-m\libgcc.a(_aeabi_uldivmod.o)
 .debug_frame   0x00002a24       0x34 f:/atmel/studio/7.0/toolchain/arm/arm-gnu-toolchain/bin/../lib/gcc/arm-none-eabi/6.3.1/thumb/v7e-m\libgcc.a(_udivmoddi4.o)

Cross Reference Table

Symbol                                            File
ACC_Handler                                       src/ASF/sam/utils/cmsis/sam4s/source/templates/gcc/startup_sam4s.o
ADC_Handler                                       src/ASF/sam/utils/cmsis/sam4s/source/templates/gcc/startup_sam4s.o
BusFault_Handler                                  src/ASF/sam/utils/cmsis/sam4s/source/templates/gcc/startup_sam4s.o
CRCCU_Handler                                     src/ASF/sam/utils/cmsis/sam4s/source/templates/gcc/startup_sam4s.o
DACC_Handler                                      src/ASF/sam/utils/cmsis/sam4s/source/templates/gcc/startup_sam4s.o
DebugMon_Handler                                  src/ASF/sam/utils/cmsis/sam4s/source/templates/gcc/startup_sam4s.o
Dummy_Handler                                     src/ASF/sam/utils/cmsis/sam4s/source/templates/gcc/startup_sam4s.o
EFC0_Handler                                      src/ASF/sam/utils/cmsis/sam4s/source/templates/gcc/startup_sam4s.o
HSMCI_Handler                                     src/ASF/sam/utils/cmsis/sam4s/source/templates/gcc/startup_sam4s.o
HardFault_Handler                                 src/ASF/sam/utils/cmsis/sam4s/source/templates/gcc/startup_sam4s.o
MemManage_Handler                                 src/ASF/sam/utils/cmsis/sam4s/source/templates/gcc/startup_sam4s.o
NMI_Handler                                       src/ASF/sam/utils/cmsis/sam4s/source/templates/gcc/startup_sam4s.o
OV2640_JPEG                                       src/ov2640_table_registers.o
                                                  src/ov2640.o
OV2640_JPEG_1024x768                              src/ov2640_table_registers.o
                                                  src/ov2640.o
OV2640_JPEG_1280x1024                             src/ov2640_table_registers.o
                                                  src/ov2640.o
OV2640_JPEG_1600x1200                             src/ov2640_table_registers.o
                                                  src/ov2640.o
OV2640_JPEG_320x240                               src/ov2640_table_registers.o
                                                  src/ov2640.o
OV2640_JPEG_640x480                               src/ov2640_table_registers.o
                                                  src/ov2640.o
OV2640_JPEG_800x600                               src/ov2640_table_registers.o
                                                  src/ov2640.o
OV2640_JPEG_INIT                                  src/ov2640_table_registers.o
                                                  src/ov2640.o
OV2640_QQVGA_RGB888                               src/ov2640_table_registers.o
                                                  src/ov2640.o
OV2640_QQVGA_YUV422                               src/ov2640_table_registers.o
                                                  src/ov2640.o
OV2640_QVGA_RGB888                                src/ov2640_table_registers.o
                                                  src/ov2640.o
OV2640_QVGA_YUV422_10FPS                          src/ov2640_table_registers.o
                                                  src/ov2640.o
OV2640_QVGA_YUV422_15FPS                          src/ov2640_table_registers.o
                                                  src/ov2640.o
OV2640_QVGA_YUV422_20FPS                          src/ov2640_table_registers.o
                                                  src/ov2640.o
OV2640_QVGA_YUV422_30FPS                          src/ov2640_table_registers.o
                                                  src/ov2640.o
OV2640_TEST_PATTERN                               src/ov2640_table_registers.o
                                                  src/ov2640.o
OV2640_VGA_YUV422_20FPS                           src/ov2640_table_registers.o
                                                  src/ov2640.o
OV2640_YUV422                                     src/ov2640_table_registers.o
                                                  src/ov2640.o
PIOA_Handler                                      src/ASF/sam/drivers/pio/pio_handler.o
PIOB_Handler                                      src/ASF/sam/drivers/pio/pio_handler.o
PMC_Handler                                       src/ASF/sam/utils/cmsis/sam4s/source/templates/gcc/startup_sam4s.o
PWM_Handler                                       src/ASF/sam/utils/cmsis/sam4s/source/templates/gcc/startup_sam4s.o
PendSV_Handler                                    src/ASF/sam/utils/cmsis/sam4s/source/templates/gcc/startup_sam4s.o
RSTC_Handler                                      src/ASF/sam/utils/cmsis/sam4s/source/templates/gcc/startup_sam4s.o
RTC_Handler                                       src/ASF/sam/utils/cmsis/sam4s/source/templates/gcc/startup_sam4s.o
RTT_Handler                                       src/ASF/sam/utils/cmsis/sam4s/source/templates/gcc/startup_sam4s.o
Reset_Handler                                     src/ASF/sam/utils/cmsis/sam4s/source/templates/gcc/startup_sam4s.o
SPI_Handler                                       src/ASF/sam/utils/cmsis/sam4s/source/templates/gcc/startup_sam4s.o
SSC_Handler                                       src/ASF/sam/utils/cmsis/sam4s/source/templates/gcc/startup_sam4s.o
SUPC_Handler                                      src/ASF/sam/utils/cmsis/sam4s/source/templates/gcc/startup_sam4s.o
SVC_Handler                                       src/ASF/sam/utils/cmsis/sam4s/source/templates/gcc/startup_sam4s.o
SysTick_Handler                                   src/ASF/sam/utils/cmsis/sam4s/source/templates/gcc/startup_sam4s.o
SystemCoreClock                                   src/ASF/sam/utils/cmsis/sam4s/source/templates/system_sam4s.o
SystemCoreClockUpdate                             src/ASF/sam/utils/cmsis/sam4s/source/templates/system_sam4s.o
                                                  src/ASF/common/services/clock/sam4s/sysclk.o
SystemInit                                        src/ASF/sam/utils/cmsis/sam4s/source/templates/system_sam4s.o